#
# There is insufficient memory for the Java Runtime Environment to continue.
# Native memory allocation (malloc) failed to allocate 793856 bytes. Error detail: Chunk::new
# Possible reasons:
#   The system is out of physical RAM or swap space
#   This process is running with CompressedOops enabled, and the Java Heap may be blocking the growth of the native heap
# Possible solutions:
#   Reduce memory load on the system
#   Increase physical memory or swap space
#   Check if swap backing store is full
#   Decrease Java heap size (-Xmx/-Xms)
#   Decrease number of Java threads
#   Decrease Java thread stack sizes (-Xss)
#   Set larger code cache with -XX:ReservedCodeCacheSize=
#   JVM is running with Unscaled Compressed Oops mode in which the Java heap is
#     placed in the first 4GB address space. The Java Heap base address is the
#     maximum limit for the native heap growth. Please use -XX:HeapBaseMinAddress
#     to set the Java Heap base and to place the Java Heap above 4GB virtual address.
# This output file may be truncated or incomplete.
#
#  Out of Memory Error (arena.cpp:168), pid=21700, tid=12236
#
# JRE version: OpenJDK Runtime Environment Temurin-21.0.7+6 (21.0.7+6) (build 21.0.7+6-LTS)
# Java VM: OpenJDK 64-Bit Server VM Temurin-21.0.7+6 (21.0.7+6-LTS, mixed mode, sharing, tiered, compressed oops, compressed class ptrs, parallel gc, windows-amd64)
# No core dump will be written. Minidumps are not enabled by default on client versions of Windows
#

---------------  S U M M A R Y ------------

Command Line: --add-modules=ALL-SYSTEM --add-opens=java.base/java.util=ALL-UNNAMED --add-opens=java.base/java.lang=ALL-UNNAMED --add-opens=java.base/sun.nio.fs=ALL-UNNAMED -Declipse.application=org.eclipse.jdt.ls.core.id1 -Dosgi.bundles.defaultStartLevel=4 -Declipse.product=org.eclipse.jdt.ls.core.product -Djava.import.generatesMetadataFilesAtProjectRoot=false -DDetectVMInstallationsJob.disabled=true -Dfile.encoding=utf8 -XX:+UseParallelGC -XX:GCTimeRatio=4 -XX:AdaptiveSizePolicyWeight=90 -Dsun.zip.disableMemoryMapping=true -Xmx2G -Xms100m -Xlog:disable -javaagent:c:\Users\LENOVO\.vscode\extensions\redhat.java-1.43.1-win32-x64\lombok\lombok-1.18.39-4050.jar -XX:+HeapDumpOnOutOfMemoryError -XX:HeapDumpPath=c:\Users\LENOVO\AppData\Roaming\Code\User\workspaceStorage\23cf22b3fc5e2b9aab88046ae1884689\redhat.java -Daether.dependencyCollector.impl=bf c:\Users\LENOVO\.vscode\extensions\redhat.java-1.43.1-win32-x64\server\plugins\org.eclipse.equinox.launcher_1.7.0.v20250519-0528.jar -configuration c:\Users\LENOVO\AppData\Roaming\Code\User\globalStorage\redhat.java\1.43.1\config_win -data c:\Users\LENOVO\AppData\Roaming\Code\User\workspaceStorage\23cf22b3fc5e2b9aab88046ae1884689\redhat.java\jdt_ws --pipe=\\.\pipe\lsp-36586c5eb36338d1929f8077f41b0d26-sock

Host: 11th Gen Intel(R) Core(TM) i5-11320H @ 3.20GHz, 8 cores, 7G,  Windows 11 , 64 bit Build 26100 (10.0.26100.4768)
Time: Thu Jul 24 23:35:42 2025 SE Asia Standard Time elapsed time: 55.365182 seconds (0d 0h 0m 55s)

---------------  T H R E A D  ---------------

Current thread (0x000001c3904d3440):  JavaThread "C2 CompilerThread0" daemon [_thread_in_native, id=12236, stack(0x000000137bf00000,0x000000137c000000) (1024K)]


Current CompileTask:
C2:55365 15425  s!   4       org.eclipse.jdt.internal.core.index.DiskIndex::readCategoryTable (743 bytes)

Stack: [0x000000137bf00000,0x000000137c000000]
Native frames: (J=compiled Java code, j=interpreted, Vv=VM code, C=native code)
V  [jvm.dll+0x6ce119]
V  [jvm.dll+0x8a84a1]
V  [jvm.dll+0x8aa9ce]
V  [jvm.dll+0x8ab0b3]
V  [jvm.dll+0x27f8a6]
V  [jvm.dll+0xc507d]
V  [jvm.dll+0xc55b3]
V  [jvm.dll+0x2f2c6d]
V  [jvm.dll+0x5f6bca]
V  [jvm.dll+0x250cb2]
V  [jvm.dll+0x25106f]
V  [jvm.dll+0x249934]
V  [jvm.dll+0x246fc4]
V  [jvm.dll+0x1c760e]
V  [jvm.dll+0x25695a]
V  [jvm.dll+0x254efa]
V  [jvm.dll+0x3f03f6]
V  [jvm.dll+0x851f6b]
V  [jvm.dll+0x6cc7dd]
C  [ucrtbase.dll+0x37b0]
C  [KERNEL32.DLL+0x2e8d7]
C  [ntdll.dll+0x3c34c]


---------------  P R O C E S S  ---------------

Threads class SMR info:
_java_thread_list=0x000001c3f1fec3d0, length=59, elements={
0x000001c390555300, 0x000001c3906099d0, 0x000001c39060a8e0, 0x000001c3904c5c20,
0x000001c3904c6c20, 0x000001c3904c91e0, 0x000001c3904ceca0, 0x000001c3904d3440,
0x000001c3904e5ca0, 0x000001c3e9950740, 0x000001c3e9b98340, 0x000001c3ee619430,
0x000001c3ee4291d0, 0x000001c3ee7d8e10, 0x000001c3ee6f78b0, 0x000001c3eeb4aeb0,
0x000001c3eed73ca0, 0x000001c3ee852d00, 0x000001c3ee84f880, 0x000001c3ee84ff10,
0x000001c3ee8505a0, 0x000001c3ee850c30, 0x000001c3ee851950, 0x000001c3ee851fe0,
0x000001c3f1fa3390, 0x000001c3f1fa12c0, 0x000001c3f1fa05a0, 0x000001c3f1f9ff10,
0x000001c3f1fa2d00, 0x000001c3f1fa2670, 0x000001c3f1fa3a20, 0x000001c3f1fa0c30,
0x000001c3f1fa4740, 0x000001c3f1fa1950, 0x000001c3f1fa40b0, 0x000001c3f1fa4dd0,
0x000001c3f1fa5460, 0x000001c3f1fa1fe0, 0x000001c3f1fa6ea0, 0x000001c3ee852670,
0x000001c3f2114630, 0x000001c3f2112560, 0x000001c3f2112bf0, 0x000001c3f2114cc0,
0x000001c3f2115350, 0x000001c3f2111ed0, 0x000001c3f2116700, 0x000001c3f2116070,
0x000001c3f2113280, 0x000001c3f2116d90, 0x000001c3f2113910, 0x000001c3f2117420,
0x000001c3f0d733d0, 0x000001c3f0d726b0, 0x000001c3f0d72d40, 0x000001c3f0d74e10,
0x000001c3f0d72020, 0x000001c3f0d73a60, 0x000001c3f0d740f0
}

Java Threads: ( => current thread )
  0x000001c390555300 JavaThread "main"                              [_thread_blocked, id=21864, stack(0x000000137b500000,0x000000137b600000) (1024K)]
  0x000001c3906099d0 JavaThread "Reference Handler"          daemon [_thread_blocked, id=17864, stack(0x000000137b900000,0x000000137ba00000) (1024K)]
  0x000001c39060a8e0 JavaThread "Finalizer"                  daemon [_thread_blocked, id=22116, stack(0x000000137ba00000,0x000000137bb00000) (1024K)]
  0x000001c3904c5c20 JavaThread "Signal Dispatcher"          daemon [_thread_blocked, id=21464, stack(0x000000137bb00000,0x000000137bc00000) (1024K)]
  0x000001c3904c6c20 JavaThread "Attach Listener"            daemon [_thread_blocked, id=6348, stack(0x000000137bc00000,0x000000137bd00000) (1024K)]
  0x000001c3904c91e0 JavaThread "Service Thread"             daemon [_thread_blocked, id=20336, stack(0x000000137bd00000,0x000000137be00000) (1024K)]
  0x000001c3904ceca0 JavaThread "Monitor Deflation Thread"   daemon [_thread_blocked, id=352, stack(0x000000137be00000,0x000000137bf00000) (1024K)]
=>0x000001c3904d3440 JavaThread "C2 CompilerThread0"         daemon [_thread_in_native, id=12236, stack(0x000000137bf00000,0x000000137c000000) (1024K)]
  0x000001c3904e5ca0 JavaThread "C1 CompilerThread0"         daemon [_thread_blocked, id=13416, stack(0x000000137c000000,0x000000137c100000) (1024K)]
  0x000001c3e9950740 JavaThread "Common-Cleaner"             daemon [_thread_blocked, id=22696, stack(0x000000137c100000,0x000000137c200000) (1024K)]
  0x000001c3e9b98340 JavaThread "Notification Thread"        daemon [_thread_blocked, id=16676, stack(0x000000137c200000,0x000000137c300000) (1024K)]
  0x000001c3ee619430 JavaThread "Active Thread: Equinox Container: 910a7c33-50e4-40e3-b93b-265aaba367eb"        [_thread_blocked, id=19836, stack(0x000000137cb00000,0x000000137cc00000) (1024K)]
  0x000001c3ee4291d0 JavaThread "Refresh Thread: Equinox Container: 910a7c33-50e4-40e3-b93b-265aaba367eb" daemon [_thread_blocked, id=20428, stack(0x000000137cc00000,0x000000137cd00000) (1024K)]
  0x000001c3ee7d8e10 JavaThread "Framework Event Dispatcher: Equinox Container: 910a7c33-50e4-40e3-b93b-265aaba367eb" daemon [_thread_blocked, id=19416, stack(0x000000137ce00000,0x000000137cf00000) (1024K)]
  0x000001c3ee6f78b0 JavaThread "Start Level: Equinox Container: 910a7c33-50e4-40e3-b93b-265aaba367eb" daemon [_thread_blocked, id=14184, stack(0x000000137cf00000,0x000000137d000000) (1024K)]
  0x000001c3eeb4aeb0 JavaThread "Bundle File Closer"         daemon [_thread_blocked, id=4036, stack(0x000000137d000000,0x000000137d100000) (1024K)]
  0x000001c3eed73ca0 JavaThread "SCR Component Actor"        daemon [_thread_blocked, id=15776, stack(0x000000137d100000,0x000000137d200000) (1024K)]
  0x000001c3ee852d00 JavaThread "Worker-JM"                         [_thread_blocked, id=11032, stack(0x000000137d300000,0x000000137d400000) (1024K)]
  0x000001c3ee84f880 JavaThread "JNA Cleaner"                daemon [_thread_blocked, id=19436, stack(0x000000137d400000,0x000000137d500000) (1024K)]
  0x000001c3ee84ff10 JavaThread "Worker-0: Initialize Workspace"        [_thread_blocked, id=6100, stack(0x000000137d500000,0x000000137d600000) (1024K)]
  0x000001c3ee8505a0 JavaThread "Worker-1: Initialize workspace"        [_thread_blocked, id=15048, stack(0x000000137d600000,0x000000137d700000) (1024K)]
  0x000001c3ee850c30 JavaThread "Java indexing"              daemon [_thread_blocked, id=19580, stack(0x000000137d700000,0x000000137d800000) (1024K)]
  0x000001c3ee851950 JavaThread "Worker-2: Java indexing... "        [_thread_blocked, id=10844, stack(0x000000137da00000,0x000000137db00000) (1024K)]
  0x000001c3ee851fe0 JavaThread "Worker-3"                          [_thread_blocked, id=18508, stack(0x000000137db00000,0x000000137dc00000) (1024K)]
  0x000001c3f1fa3390 JavaThread "Thread-2"                   daemon [_thread_in_native, id=22352, stack(0x000000137dc00000,0x000000137dd00000) (1024K)]
  0x000001c3f1fa12c0 JavaThread "Thread-3"                   daemon [_thread_in_native, id=16860, stack(0x000000137dd00000,0x000000137de00000) (1024K)]
  0x000001c3f1fa05a0 JavaThread "Thread-4"                   daemon [_thread_in_native, id=23256, stack(0x000000137de00000,0x000000137df00000) (1024K)]
  0x000001c3f1f9ff10 JavaThread "Thread-5"                   daemon [_thread_in_native, id=8924, stack(0x000000137df00000,0x000000137e000000) (1024K)]
  0x000001c3f1fa2d00 JavaThread "Thread-6"                   daemon [_thread_in_native, id=16500, stack(0x000000137e000000,0x000000137e100000) (1024K)]
  0x000001c3f1fa2670 JavaThread "Thread-7"                   daemon [_thread_in_native, id=15588, stack(0x000000137e100000,0x000000137e200000) (1024K)]
  0x000001c3f1fa3a20 JavaThread "Thread-8"                   daemon [_thread_in_native, id=19680, stack(0x000000137e200000,0x000000137e300000) (1024K)]
  0x000001c3f1fa0c30 JavaThread "Thread-9"                   daemon [_thread_in_native, id=8060, stack(0x000000137e300000,0x000000137e400000) (1024K)]
  0x000001c3f1fa4740 JavaThread "Thread-10"                  daemon [_thread_in_native, id=12568, stack(0x000000137e400000,0x000000137e500000) (1024K)]
  0x000001c3f1fa1950 JavaThread "pool-2-thread-1"                   [_thread_blocked, id=16092, stack(0x000000137e500000,0x000000137e600000) (1024K)]
  0x000001c3f1fa40b0 JavaThread "Worker-4"                          [_thread_blocked, id=1052, stack(0x000000137e600000,0x000000137e700000) (1024K)]
  0x000001c3f1fa4dd0 JavaThread "WorkspaceEventsHandler"            [_thread_blocked, id=8424, stack(0x000000137e700000,0x000000137e800000) (1024K)]
  0x000001c3f1fa5460 JavaThread "pool-1-thread-1"                   [_thread_blocked, id=20340, stack(0x000000137e800000,0x000000137e900000) (1024K)]
  0x000001c3f1fa1fe0 JavaThread "Worker-5"                          [_thread_blocked, id=21860, stack(0x000000137e900000,0x000000137ea00000) (1024K)]
  0x000001c3f1fa6ea0 JavaThread "LocalFile Deleter"          daemon [_thread_blocked, id=20908, stack(0x000000137d200000,0x000000137d300000) (1024K)]
  0x000001c3ee852670 JavaThread "LocalFile Deleter"          daemon [_thread_blocked, id=19780, stack(0x000000137ea00000,0x000000137eb00000) (1024K)]
  0x000001c3f2114630 JavaThread "LocalFile Deleter"          daemon [_thread_blocked, id=20020, stack(0x000000137eb00000,0x000000137ec00000) (1024K)]
  0x000001c3f2112560 JavaThread "LocalFile Deleter"          daemon [_thread_blocked, id=21652, stack(0x000000137ec00000,0x000000137ed00000) (1024K)]
  0x000001c3f2112bf0 JavaThread "LocalFile Deleter"          daemon [_thread_blocked, id=12752, stack(0x000000137ed00000,0x000000137ee00000) (1024K)]
  0x000001c3f2114cc0 JavaThread "LocalFile Deleter"          daemon [_thread_blocked, id=17132, stack(0x000000137ee00000,0x000000137ef00000) (1024K)]
  0x000001c3f2115350 JavaThread "LocalFile Deleter"          daemon [_thread_blocked, id=3004, stack(0x000000137ef00000,0x000000137f000000) (1024K)]
  0x000001c3f2111ed0 JavaThread "LocalFile Deleter"          daemon [_thread_blocked, id=19128, stack(0x000000137f000000,0x000000137f100000) (1024K)]
  0x000001c3f2116700 JavaThread "Compiler Source File Reader" daemon [_thread_blocked, id=21932, stack(0x000000137f100000,0x000000137f200000) (1024K)]
  0x000001c3f2116070 JavaThread "Compiler Source File Reader" daemon [_thread_blocked, id=15932, stack(0x000000137f200000,0x000000137f300000) (1024K)]
  0x000001c3f2113280 JavaThread "Compiler Source File Reader" daemon [_thread_blocked, id=2412, stack(0x000000137f300000,0x000000137f400000) (1024K)]
  0x000001c3f2116d90 JavaThread "Compiler Source File Reader" daemon [_thread_blocked, id=14204, stack(0x000000137f400000,0x000000137f500000) (1024K)]
  0x000001c3f2113910 JavaThread "Compiler Source File Reader" daemon [_thread_blocked, id=17688, stack(0x000000137f500000,0x000000137f600000) (1024K)]
  0x000001c3f2117420 JavaThread "Compiler Source File Reader" daemon [_thread_blocked, id=7256, stack(0x000000137f600000,0x000000137f700000) (1024K)]
  0x000001c3f0d733d0 JavaThread "Compiler Processing Task"   daemon [_thread_blocked, id=23284, stack(0x000000137c400000,0x000000137c500000) (1024K)]
  0x000001c3f0d726b0 JavaThread "Compiler Class File Writer" daemon [_thread_blocked, id=14888, stack(0x000000137f700000,0x000000137f800000) (1024K)]
  0x000001c3f0d72d40 JavaThread "Compiler Class File Writer" daemon [_thread_blocked, id=18720, stack(0x000000137f800000,0x000000137f900000) (1024K)]
  0x000001c3f0d74e10 JavaThread "Compiler Class File Writer" daemon [_thread_blocked, id=4940, stack(0x000000137f900000,0x000000137fa00000) (1024K)]
  0x000001c3f0d72020 JavaThread "Compiler Class File Writer" daemon [_thread_blocked, id=22360, stack(0x000000137fa00000,0x000000137fb00000) (1024K)]
  0x000001c3f0d73a60 JavaThread "Compiler Class File Writer" daemon [_thread_blocked, id=15136, stack(0x000000137fb00000,0x000000137fc00000) (1024K)]
  0x000001c3f0d740f0 JavaThread "Compiler Class File Writer" daemon [_thread_blocked, id=6728, stack(0x000000137fc00000,0x000000137fd00000) (1024K)]
Total: 59

Other Threads:
  0x000001c3904c36a0 VMThread "VM Thread"                           [id=15608, stack(0x000000137b800000,0x000000137b900000) (1024K)]
  0x000001c3905bf1e0 WatcherThread "VM Periodic Task Thread"        [id=9664, stack(0x000000137b700000,0x000000137b800000) (1024K)]
  0x000001c390573970 WorkerThread "GC Thread#0"                     [id=21804, stack(0x000000137b600000,0x000000137b700000) (1024K)]
  0x000001c3ee7561f0 WorkerThread "GC Thread#1"                     [id=17332, stack(0x000000137c500000,0x000000137c600000) (1024K)]
  0x000001c3ee520af0 WorkerThread "GC Thread#2"                     [id=21036, stack(0x000000137c600000,0x000000137c700000) (1024K)]
  0x000001c3ee520e90 WorkerThread "GC Thread#3"                     [id=7240, stack(0x000000137c700000,0x000000137c800000) (1024K)]
  0x000001c3ee521230 WorkerThread "GC Thread#4"                     [id=21900, stack(0x000000137c800000,0x000000137c900000) (1024K)]
  0x000001c3ee5215d0 WorkerThread "GC Thread#5"                     [id=20400, stack(0x000000137c900000,0x000000137ca00000) (1024K)]
  0x000001c3ee521970 WorkerThread "GC Thread#6"                     [id=3852, stack(0x000000137ca00000,0x000000137cb00000) (1024K)]
  0x000001c3ee429c40 WorkerThread "GC Thread#7"                     [id=22828, stack(0x000000137cd00000,0x000000137ce00000) (1024K)]
Total: 10

Threads with active compile tasks:
C2 CompilerThread0  55405 15425  s!   4       org.eclipse.jdt.internal.core.index.DiskIndex::readCategoryTable (743 bytes)
Total: 1

VM state: at safepoint (normal execution)

VM Mutex/Monitor currently owned by a thread:  ([mutex/lock_event])
[0x00007ffd0a45e308] Threads_lock - owner thread: 0x000001c3904c36a0
[0x00007ffd0a45e408] Heap_lock - owner thread: 0x000001c3ee850c30
[0x00007ffd0a45e888] PSOldGenExpand_lock - owner thread: 0x000001c3ee7561f0

Heap address: 0x0000000080000000, size: 2048 MB, Compressed Oops mode: 32-bit

CDS archive(s) mapped at: [0x000001c3a7000000-0x000001c3a7ba0000-0x000001c3a7ba0000), size 12189696, SharedBaseAddress: 0x000001c3a7000000, ArchiveRelocationMode: 1.
Compressed class space mapped at: 0x000001c3a8000000-0x000001c3e8000000, reserved size: 1073741824
Narrow klass base: 0x000001c3a7000000, Narrow klass shift: 0, Narrow klass range: 0x100000000

GC Precious Log:
 CardTable entry size: 512
 CPUs: 8 total, 8 available
 Memory: 7975M
 Large Page Support: Disabled
 NUMA Support: Disabled
 Compressed Oops: Enabled (32-bit)
 Alignments: Space 512K, Generation 512K, Heap 2M
 Heap Min Capacity: 100M
 Heap Initial Capacity: 100M
 Heap Max Capacity: 2G
 Pre-touch: Disabled
 Parallel Workers: 8

Heap:
 PSYoungGen      total 4608K, used 4320K [0x00000000d5580000, 0x00000000d5b80000, 0x0000000100000000)
  eden space 3072K, 100% used [0x00000000d5580000,0x00000000d5880000,0x00000000d5880000)
  from space 1536K, 81% used [0x00000000d5a00000,0x00000000d5b38000,0x00000000d5b80000)
  to   space 1536K, 35% used [0x00000000d5880000,0x00000000d5908000,0x00000000d5a00000)
 ParOldGen       total 847360K, used 847359K [0x0000000080000000, 0x00000000b3b80000, 0x00000000d5580000)
  object space 847360K, 99% used [0x0000000080000000,0x00000000b3b7fd50,0x00000000b3b80000)
 Metaspace       used 66959K, committed 68544K, reserved 1114112K
  class space    used 6631K, committed 7296K, reserved 1048576K

Card table byte_map: [0x000001c38fef0000,0x000001c390300000] _byte_map_base: 0x000001c38faf0000

Marking Bits: (ParMarkBitMap*) 0x00007ffd0a4631f0
 Begin Bits: [0x000001c3a29f0000, 0x000001c3a49f0000)
 End Bits:   [0x000001c3a49f0000, 0x000001c3a69f0000)

Polling page: 0x000001c38e370000

Metaspace:

Usage:
  Non-class:     58.91 MB used.
      Class:      6.48 MB used.
       Both:     65.39 MB used.

Virtual space:
  Non-class space:       64.00 MB reserved,      59.81 MB ( 93%) committed,  1 nodes.
      Class space:        1.00 GB reserved,       7.12 MB ( <1%) committed,  1 nodes.
             Both:        1.06 GB reserved,      66.94 MB (  6%) committed. 

Chunk freelists:
   Non-Class:  3.91 MB
       Class:  8.91 MB
        Both:  12.81 MB

MaxMetaspaceSize: unlimited
CompressedClassSpaceSize: 1.00 GB
Initial GC threshold: 21.00 MB
Current GC threshold: 97.31 MB
CDS: on
 - commit_granule_bytes: 65536.
 - commit_granule_words: 8192.
 - virtual_space_node_default_size: 8388608.
 - enlarge_chunks_in_place: 1.
 - use_allocation_guard: 0.


Internal statistics:

num_allocs_failed_limit: 9.
num_arena_births: 1344.
num_arena_deaths: 14.
num_vsnodes_births: 2.
num_vsnodes_deaths: 0.
num_space_committed: 1071.
num_space_uncommitted: 0.
num_chunks_returned_to_freelist: 23.
num_chunks_taken_from_freelist: 4585.
num_chunk_merges: 13.
num_chunk_splits: 2792.
num_chunks_enlarged: 1552.
num_inconsistent_stats: 0.

CodeHeap 'non-profiled nmethods': size=120000Kb used=13505Kb max_used=13505Kb free=106494Kb
 bounds [0x000001c39b210000, 0x000001c39bf50000, 0x000001c3a2740000]
CodeHeap 'profiled nmethods': size=120000Kb used=37387Kb max_used=37387Kb free=82612Kb
 bounds [0x000001c393740000, 0x000001c395bd0000, 0x000001c39ac70000]
CodeHeap 'non-nmethods': size=5760Kb used=1439Kb max_used=1544Kb free=4320Kb
 bounds [0x000001c39ac70000, 0x000001c39aee0000, 0x000001c39b210000]
 total_blobs=15306 nmethods=14563 adapters=647
 compilation: enabled
              stopped_count=0, restarted_count=0
 full_count=0

Compilation events (20 events):
Event: 52.979 Thread 0x000001c3904e5ca0 15422       3       org.eclipse.jdt.internal.core.index.DiskIndex::readStreamInt (117 bytes)
Event: 52.979 Thread 0x000001c3904e5ca0 nmethod 15422 0x000001c395bc0a10 code [0x000001c395bc0bc0, 0x000001c395bc0e18]
Event: 52.987 Thread 0x000001c3904d3440 nmethod 15421% 0x000001c39bf38c10 code [0x000001c39bf38f00, 0x000001c39bf3a188]
Event: 52.987 Thread 0x000001c3904d3440 15418   !   4       java.io.FileInputStream::read (32 bytes)
Event: 52.988 Thread 0x000001c3904d3440 nmethod 15418 0x000001c39bf3af90 code [0x000001c39bf3b140, 0x000001c39bf3b2a0]
Event: 53.032 Thread 0x000001c3904d3440 15423       4       org.eclipse.jdt.internal.core.index.DiskIndex::readStreamInt (117 bytes)
Event: 53.034 Thread 0x000001c3904d3440 nmethod 15423 0x000001c39bf3b490 code [0x000001c39bf3b620, 0x000001c39bf3b7b0]
Event: 53.039 Thread 0x000001c3904d3440 15424   !   4       org.eclipse.jdt.internal.core.search.indexing.IndexManager::updateMetaIndex (209 bytes)
Event: 53.096 Thread 0x000001c3904e5ca0 15427       3       org.eclipse.jdt.internal.core.index.FileIndexLocation::getInputStream (12 bytes)
Event: 53.097 Thread 0x000001c3904e5ca0 nmethod 15427 0x000001c395bc0f90 code [0x000001c395bc1140, 0x000001c395bc12f0]
Event: 53.098 Thread 0x000001c3904d3440 nmethod 15424 0x000001c39bf3b910 code [0x000001c39bf3be60, 0x000001c39bf3eb68]
Event: 53.098 Thread 0x000001c3904e5ca0 15428   !   3       java.io.FileInputStream::skip (27 bytes)
Event: 53.099 Thread 0x000001c3904e5ca0 nmethod 15428 0x000001c395bc1390 code [0x000001c395bc1560, 0x000001c395bc1780]
Event: 53.099 Thread 0x000001c3904d3440 15425  s!   4       org.eclipse.jdt.internal.core.index.DiskIndex::readCategoryTable (743 bytes)
Event: 53.116 Thread 0x000001c3904e5ca0 15429       3       org.eclipse.jdt.internal.core.index.IndexLocation::close (1 bytes)
Event: 53.116 Thread 0x000001c3904e5ca0 nmethod 15429 0x000001c395bc1910 code [0x000001c395bc1aa0, 0x000001c395bc1ba8]
Event: 53.176 Thread 0x000001c3904e5ca0 15430       3       org.eclipse.jdt.internal.compiler.util.HashtableOfIntValues::get (69 bytes)
Event: 53.177 Thread 0x000001c3904e5ca0 nmethod 15430 0x000001c395bc1c10 code [0x000001c395bc1e00, 0x000001c395bc2288]
Event: 53.211 Thread 0x000001c3904e5ca0 15431       3       java.lang.invoke.DelegatingMethodHandle$Holder::reinvoke_L (18 bytes)
Event: 53.212 Thread 0x000001c3904e5ca0 nmethod 15431 0x000001c395bc2590 code [0x000001c395bc2760, 0x000001c395bc2be8]

GC Heap History (20 events):
Event: 52.485 GC heap after
{Heap after GC invocations=1340 (full 3):
 PSYoungGen      total 4608K, used 1534K [0x00000000d5580000, 0x00000000d6080000, 0x0000000100000000)
  eden space 3072K, 0% used [0x00000000d5580000,0x00000000d5580000,0x00000000d5880000)
  from space 1536K, 99% used [0x00000000d5980000,0x00000000d5aff810,0x00000000d5b00000)
  to   space 4096K, 0% used [0x00000000d5c80000,0x00000000d5c80000,0x00000000d6080000)
 ParOldGen       total 836096K, used 835992K [0x0000000080000000, 0x00000000b3080000, 0x00000000d5580000)
  object space 836096K, 99% used [0x0000000080000000,0x00000000b30661a0,0x00000000b3080000)
 Metaspace       used 66958K, committed 68544K, reserved 1114112K
  class space    used 6631K, committed 7296K, reserved 1048576K
}
Event: 52.581 GC heap before
{Heap before GC invocations=1341 (full 3):
 PSYoungGen      total 4608K, used 4606K [0x00000000d5580000, 0x00000000d6080000, 0x0000000100000000)
  eden space 3072K, 100% used [0x00000000d5580000,0x00000000d5880000,0x00000000d5880000)
  from space 1536K, 99% used [0x00000000d5980000,0x00000000d5aff810,0x00000000d5b00000)
  to   space 4096K, 0% used [0x00000000d5c80000,0x00000000d5c80000,0x00000000d6080000)
 ParOldGen       total 836096K, used 835992K [0x0000000080000000, 0x00000000b3080000, 0x00000000d5580000)
  object space 836096K, 99% used [0x0000000080000000,0x00000000b30661a0,0x00000000b3080000)
 Metaspace       used 66958K, committed 68544K, reserved 1114112K
  class space    used 6631K, committed 7296K, reserved 1048576K
}
Event: 52.585 GC heap after
{Heap after GC invocations=1341 (full 3):
 PSYoungGen      total 5120K, used 1660K [0x00000000d5580000, 0x00000000d5e80000, 0x0000000100000000)
  eden space 3072K, 0% used [0x00000000d5580000,0x00000000d5580000,0x00000000d5880000)
  from space 2048K, 81% used [0x00000000d5c80000,0x00000000d5e1f200,0x00000000d5e80000)
  to   space 2560K, 0% used [0x00000000d5980000,0x00000000d5980000,0x00000000d5c00000)
 ParOldGen       total 837632K, used 837510K [0x0000000080000000, 0x00000000b3200000, 0x00000000d5580000)
  object space 837632K, 99% used [0x0000000080000000,0x00000000b31e18e0,0x00000000b3200000)
 Metaspace       used 66958K, committed 68544K, reserved 1114112K
  class space    used 6631K, committed 7296K, reserved 1048576K
}
Event: 52.604 GC heap before
{Heap before GC invocations=1342 (full 3):
 PSYoungGen      total 5120K, used 4732K [0x00000000d5580000, 0x00000000d5e80000, 0x0000000100000000)
  eden space 3072K, 100% used [0x00000000d5580000,0x00000000d5880000,0x00000000d5880000)
  from space 2048K, 81% used [0x00000000d5c80000,0x00000000d5e1f200,0x00000000d5e80000)
  to   space 2560K, 0% used [0x00000000d5980000,0x00000000d5980000,0x00000000d5c00000)
 ParOldGen       total 837632K, used 837510K [0x0000000080000000, 0x00000000b3200000, 0x00000000d5580000)
  object space 837632K, 99% used [0x0000000080000000,0x00000000b31e18e0,0x00000000b3200000)
 Metaspace       used 66958K, committed 68544K, reserved 1114112K
  class space    used 6631K, committed 7296K, reserved 1048576K
}
Event: 52.611 GC heap after
{Heap after GC invocations=1342 (full 3):
 PSYoungGen      total 5632K, used 2305K [0x00000000d5580000, 0x00000000d5d80000, 0x0000000100000000)
  eden space 3072K, 0% used [0x00000000d5580000,0x00000000d5580000,0x00000000d5880000)
  from space 2560K, 90% used [0x00000000d5980000,0x00000000d5bc07a0,0x00000000d5c00000)
  to   space 1536K, 0% used [0x00000000d5c00000,0x00000000d5c00000,0x00000000d5d80000)
 ParOldGen       total 839168K, used 839043K [0x0000000080000000, 0x00000000b3380000, 0x00000000d5580000)
  object space 839168K, 99% used [0x0000000080000000,0x00000000b3360de8,0x00000000b3380000)
 Metaspace       used 66958K, committed 68544K, reserved 1114112K
  class space    used 6631K, committed 7296K, reserved 1048576K
}
Event: 52.801 GC heap before
{Heap before GC invocations=1343 (full 3):
 PSYoungGen      total 5632K, used 5377K [0x00000000d5580000, 0x00000000d5d80000, 0x0000000100000000)
  eden space 3072K, 100% used [0x00000000d5580000,0x00000000d5880000,0x00000000d5880000)
  from space 2560K, 90% used [0x00000000d5980000,0x00000000d5bc07a0,0x00000000d5c00000)
  to   space 1536K, 0% used [0x00000000d5c00000,0x00000000d5c00000,0x00000000d5d80000)
 ParOldGen       total 839168K, used 839043K [0x0000000080000000, 0x00000000b3380000, 0x00000000d5580000)
  object space 839168K, 99% used [0x0000000080000000,0x00000000b3360de8,0x00000000b3380000)
 Metaspace       used 66958K, committed 68544K, reserved 1114112K
  class space    used 6631K, committed 7296K, reserved 1048576K
}
Event: 52.806 GC heap after
{Heap after GC invocations=1343 (full 3):
 PSYoungGen      total 4608K, used 1526K [0x00000000d5580000, 0x00000000d5d80000, 0x0000000100000000)
  eden space 3072K, 0% used [0x00000000d5580000,0x00000000d5580000,0x00000000d5880000)
  from space 1536K, 99% used [0x00000000d5c00000,0x00000000d5d7d810,0x00000000d5d80000)
  to   space 2048K, 0% used [0x00000000d5980000,0x00000000d5980000,0x00000000d5b80000)
 ParOldGen       total 841728K, used 841251K [0x0000000080000000, 0x00000000b3600000, 0x00000000d5580000)
  object space 841728K, 99% used [0x0000000080000000,0x00000000b3588f60,0x00000000b3600000)
 Metaspace       used 66958K, committed 68544K, reserved 1114112K
  class space    used 6631K, committed 7296K, reserved 1048576K
}
Event: 52.863 GC heap before
{Heap before GC invocations=1344 (full 3):
 PSYoungGen      total 4608K, used 4598K [0x00000000d5580000, 0x00000000d5d80000, 0x0000000100000000)
  eden space 3072K, 100% used [0x00000000d5580000,0x00000000d5880000,0x00000000d5880000)
  from space 1536K, 99% used [0x00000000d5c00000,0x00000000d5d7d810,0x00000000d5d80000)
  to   space 2048K, 0% used [0x00000000d5980000,0x00000000d5980000,0x00000000d5b80000)
 ParOldGen       total 841728K, used 841251K [0x0000000080000000, 0x00000000b3600000, 0x00000000d5580000)
  object space 841728K, 99% used [0x0000000080000000,0x00000000b3588f60,0x00000000b3600000)
 Metaspace       used 66958K, committed 68544K, reserved 1114112K
  class space    used 6631K, committed 7296K, reserved 1048576K
}
Event: 52.873 GC heap after
{Heap after GC invocations=1344 (full 3):
 PSYoungGen      total 4608K, used 1078K [0x00000000d5580000, 0x00000000d5c80000, 0x0000000100000000)
  eden space 3072K, 0% used [0x00000000d5580000,0x00000000d5580000,0x00000000d5880000)
  from space 1536K, 70% used [0x00000000d5980000,0x00000000d5a8d818,0x00000000d5b00000)
  to   space 1536K, 0% used [0x00000000d5b00000,0x00000000d5b00000,0x00000000d5c80000)
 ParOldGen       total 842752K, used 842316K [0x0000000080000000, 0x00000000b3700000, 0x00000000d5580000)
  object space 842752K, 99% used [0x0000000080000000,0x00000000b3693090,0x00000000b3700000)
 Metaspace       used 66958K, committed 68544K, reserved 1114112K
  class space    used 6631K, committed 7296K, reserved 1048576K
}
Event: 52.926 GC heap before
{Heap before GC invocations=1345 (full 3):
 PSYoungGen      total 4608K, used 4150K [0x00000000d5580000, 0x00000000d5c80000, 0x0000000100000000)
  eden space 3072K, 100% used [0x00000000d5580000,0x00000000d5880000,0x00000000d5880000)
  from space 1536K, 70% used [0x00000000d5980000,0x00000000d5a8d818,0x00000000d5b00000)
  to   space 1536K, 0% used [0x00000000d5b00000,0x00000000d5b00000,0x00000000d5c80000)
 ParOldGen       total 842752K, used 842316K [0x0000000080000000, 0x00000000b3700000, 0x00000000d5580000)
  object space 842752K, 99% used [0x0000000080000000,0x00000000b3693090,0x00000000b3700000)
 Metaspace       used 66958K, committed 68544K, reserved 1114112K
  class space    used 6631K, committed 7296K, reserved 1048576K
}
Event: 52.937 GC heap after
{Heap after GC invocations=1345 (full 3):
 PSYoungGen      total 4608K, used 1266K [0x00000000d5580000, 0x00000000d5c80000, 0x0000000100000000)
  eden space 3072K, 0% used [0x00000000d5580000,0x00000000d5580000,0x00000000d5880000)
  from space 1536K, 82% used [0x00000000d5b00000,0x00000000d5c3caf0,0x00000000d5c80000)
  to   space 1536K, 0% used [0x00000000d5980000,0x00000000d5980000,0x00000000d5b00000)
 ParOldGen       total 843264K, used 843229K [0x0000000080000000, 0x00000000b3780000, 0x00000000d5580000)
  object space 843264K, 99% used [0x0000000080000000,0x00000000b3777700,0x00000000b3780000)
 Metaspace       used 66958K, committed 68544K, reserved 1114112K
  class space    used 6631K, committed 7296K, reserved 1048576K
}
Event: 52.990 GC heap before
{Heap before GC invocations=1346 (full 3):
 PSYoungGen      total 4608K, used 4061K [0x00000000d5580000, 0x00000000d5c80000, 0x0000000100000000)
  eden space 3072K, 90% used [0x00000000d5580000,0x00000000d583a948,0x00000000d5880000)
  from space 1536K, 82% used [0x00000000d5b00000,0x00000000d5c3caf0,0x00000000d5c80000)
  to   space 1536K, 0% used [0x00000000d5980000,0x00000000d5980000,0x00000000d5b00000)
 ParOldGen       total 843264K, used 843229K [0x0000000080000000, 0x00000000b3780000, 0x00000000d5580000)
  object space 843264K, 99% used [0x0000000080000000,0x00000000b3777700,0x00000000b3780000)
 Metaspace       used 66958K, committed 68544K, reserved 1114112K
  class space    used 6631K, committed 7296K, reserved 1048576K
}
Event: 52.995 GC heap after
{Heap after GC invocations=1346 (full 3):
 PSYoungGen      total 4608K, used 1160K [0x00000000d5580000, 0x00000000d5b80000, 0x0000000100000000)
  eden space 3072K, 0% used [0x00000000d5580000,0x00000000d5580000,0x00000000d5880000)
  from space 1536K, 75% used [0x00000000d5980000,0x00000000d5aa2038,0x00000000d5b00000)
  to   space 512K, 0% used [0x00000000d5b00000,0x00000000d5b00000,0x00000000d5b80000)
 ParOldGen       total 844288K, used 844055K [0x0000000080000000, 0x00000000b3880000, 0x00000000d5580000)
  object space 844288K, 99% used [0x0000000080000000,0x00000000b3845c78,0x00000000b3880000)
 Metaspace       used 66958K, committed 68544K, reserved 1114112K
  class space    used 6631K, committed 7296K, reserved 1048576K
}
Event: 53.066 GC heap before
{Heap before GC invocations=1347 (full 3):
 PSYoungGen      total 4608K, used 4232K [0x00000000d5580000, 0x00000000d5b80000, 0x0000000100000000)
  eden space 3072K, 100% used [0x00000000d5580000,0x00000000d5880000,0x00000000d5880000)
  from space 1536K, 75% used [0x00000000d5980000,0x00000000d5aa2038,0x00000000d5b00000)
  to   space 512K, 0% used [0x00000000d5b00000,0x00000000d5b00000,0x00000000d5b80000)
 ParOldGen       total 844288K, used 844055K [0x0000000080000000, 0x00000000b3880000, 0x00000000d5580000)
  object space 844288K, 99% used [0x0000000080000000,0x00000000b3845c78,0x00000000b3880000)
 Metaspace       used 66958K, committed 68544K, reserved 1114112K
  class space    used 6631K, committed 7296K, reserved 1048576K
}
Event: 53.071 GC heap after
{Heap after GC invocations=1347 (full 3):
 PSYoungGen      total 3072K, used 512K [0x00000000d5580000, 0x00000000d5e80000, 0x0000000100000000)
  eden space 2560K, 0% used [0x00000000d5580000,0x00000000d5580000,0x00000000d5800000)
  from space 512K, 100% used [0x00000000d5b00000,0x00000000d5b80000,0x00000000d5b80000)
  to   space 3072K, 0% used [0x00000000d5800000,0x00000000d5800000,0x00000000d5b00000)
 ParOldGen       total 846336K, used 845953K [0x0000000080000000, 0x00000000b3a80000, 0x00000000d5580000)
  object space 846336K, 99% used [0x0000000080000000,0x00000000b3a206f8,0x00000000b3a80000)
 Metaspace       used 66958K, committed 68544K, reserved 1114112K
  class space    used 6631K, committed 7296K, reserved 1048576K
}
Event: 53.189 GC heap before
{Heap before GC invocations=1348 (full 3):
 PSYoungGen      total 3072K, used 3072K [0x00000000d5580000, 0x00000000d5e80000, 0x0000000100000000)
  eden space 2560K, 100% used [0x00000000d5580000,0x00000000d5800000,0x00000000d5800000)
  from space 512K, 100% used [0x00000000d5b00000,0x00000000d5b80000,0x00000000d5b80000)
  to   space 3072K, 0% used [0x00000000d5800000,0x00000000d5800000,0x00000000d5b00000)
 ParOldGen       total 846336K, used 845953K [0x0000000080000000, 0x00000000b3a80000, 0x00000000d5580000)
  object space 846336K, 99% used [0x0000000080000000,0x00000000b3a206f8,0x00000000b3a80000)
 Metaspace       used 66959K, committed 68544K, reserved 1114112K
  class space    used 6631K, committed 7296K, reserved 1048576K
}
Event: 53.194 GC heap after
{Heap after GC invocations=1348 (full 3):
 PSYoungGen      total 3584K, used 832K [0x00000000d5580000, 0x00000000d5b80000, 0x0000000100000000)
  eden space 2560K, 0% used [0x00000000d5580000,0x00000000d5580000,0x00000000d5800000)
  from space 1024K, 81% used [0x00000000d5800000,0x00000000d58d0000,0x00000000d5900000)
  to   space 1536K, 0% used [0x00000000d5a00000,0x00000000d5a00000,0x00000000d5b80000)
 ParOldGen       total 846848K, used 846499K [0x0000000080000000, 0x00000000b3b00000, 0x00000000d5580000)
  object space 846848K, 99% used [0x0000000080000000,0x00000000b3aa8c88,0x00000000b3b00000)
 Metaspace       used 66959K, committed 68544K, reserved 1114112K
  class space    used 6631K, committed 7296K, reserved 1048576K
}
Event: 53.362 GC heap before
{Heap before GC invocations=1349 (full 3):
 PSYoungGen      total 3584K, used 3392K [0x00000000d5580000, 0x00000000d5b80000, 0x0000000100000000)
  eden space 2560K, 100% used [0x00000000d5580000,0x00000000d5800000,0x00000000d5800000)
  from space 1024K, 81% used [0x00000000d5800000,0x00000000d58d0000,0x00000000d5900000)
  to   space 1536K, 0% used [0x00000000d5a00000,0x00000000d5a00000,0x00000000d5b80000)
 ParOldGen       total 846848K, used 846499K [0x0000000080000000, 0x00000000b3b00000, 0x00000000d5580000)
  object space 846848K, 99% used [0x0000000080000000,0x00000000b3aa8c88,0x00000000b3b00000)
 Metaspace       used 66959K, committed 68544K, reserved 1114112K
  class space    used 6631K, committed 7296K, reserved 1048576K
}
Event: 54.366 GC heap after
{Heap after GC invocations=1349 (full 3):
 PSYoungGen      total 4608K, used 1248K [0x00000000d5580000, 0x00000000d5b80000, 0x0000000100000000)
  eden space 3072K, 0% used [0x00000000d5580000,0x00000000d5580000,0x00000000d5880000)
  from space 1536K, 81% used [0x00000000d5a00000,0x00000000d5b38000,0x00000000d5b80000)
  to   space 1536K, 0% used [0x00000000d5880000,0x00000000d5880000,0x00000000d5a00000)
 ParOldGen       total 847360K, used 847199K [0x0000000080000000, 0x00000000b3b80000, 0x00000000d5580000)
  object space 847360K, 99% used [0x0000000080000000,0x00000000b3b57d50,0x00000000b3b80000)
 Metaspace       used 66959K, committed 68544K, reserved 1114112K
  class space    used 6631K, committed 7296K, reserved 1048576K
}
Event: 54.398 GC heap before
{Heap before GC invocations=1350 (full 3):
 PSYoungGen      total 4608K, used 4320K [0x00000000d5580000, 0x00000000d5b80000, 0x0000000100000000)
  eden space 3072K, 100% used [0x00000000d5580000,0x00000000d5880000,0x00000000d5880000)
  from space 1536K, 81% used [0x00000000d5a00000,0x00000000d5b38000,0x00000000d5b80000)
  to   space 1536K, 0% used [0x00000000d5880000,0x00000000d5880000,0x00000000d5a00000)
 ParOldGen       total 847360K, used 847199K [0x0000000080000000, 0x00000000b3b80000, 0x00000000d5580000)
  object space 847360K, 99% used [0x0000000080000000,0x00000000b3b57d50,0x00000000b3b80000)
 Metaspace       used 66959K, committed 68544K, reserved 1114112K
  class space    used 6631K, committed 7296K, reserved 1048576K
}

Dll operation events (10 events):
Event: 0.033 Loaded shared library c:\Users\LENOVO\.vscode\extensions\redhat.java-1.43.1-win32-x64\jre\21.0.7-win32-x86_64\bin\java.dll
Event: 0.294 Loaded shared library c:\Users\LENOVO\.vscode\extensions\redhat.java-1.43.1-win32-x64\jre\21.0.7-win32-x86_64\bin\zip.dll
Event: 0.351 Loaded shared library C:\Users\LENOVO\.vscode\extensions\redhat.java-1.43.1-win32-x64\jre\21.0.7-win32-x86_64\bin\instrument.dll
Event: 0.363 Loaded shared library C:\Users\LENOVO\.vscode\extensions\redhat.java-1.43.1-win32-x64\jre\21.0.7-win32-x86_64\bin\net.dll
Event: 0.368 Loaded shared library C:\Users\LENOVO\.vscode\extensions\redhat.java-1.43.1-win32-x64\jre\21.0.7-win32-x86_64\bin\nio.dll
Event: 0.375 Loaded shared library C:\Users\LENOVO\.vscode\extensions\redhat.java-1.43.1-win32-x64\jre\21.0.7-win32-x86_64\bin\zip.dll
Event: 0.411 Loaded shared library C:\Users\LENOVO\.vscode\extensions\redhat.java-1.43.1-win32-x64\jre\21.0.7-win32-x86_64\bin\jimage.dll
Event: 0.557 Loaded shared library c:\Users\LENOVO\.vscode\extensions\redhat.java-1.43.1-win32-x64\jre\21.0.7-win32-x86_64\bin\verify.dll
Event: 2.523 Loaded shared library C:\Users\LENOVO\AppData\Roaming\Code\User\globalStorage\redhat.java\1.43.1\config_win\org.eclipse.equinox.launcher\org.eclipse.equinox.launcher.win32.win32.x86_64_1.2.1300.v20250331-1702\eclipse_11911.dll
Event: 3.909 Loaded shared library C:\Users\LENOVO\AppData\Local\Temp\jna--2053026509\jna4919534900997487504.dll

Deoptimization events (20 events):
Event: 52.379 Thread 0x000001c3ee850c30 DEOPT PACKING pc=0x000001c39bf200f4 sp=0x000000137d7feb90
Event: 52.379 Thread 0x000001c3ee850c30 DEOPT UNPACKING pc=0x000001c39acc6da2 sp=0x000000137d7feb28 mode 2
Event: 52.976 Thread 0x000001c3ee850c30 Uncommon trap: trap_request=0xffffff45 fr.pc=0x000001c39bf206ac relative=0x000000000000010c
Event: 52.976 Thread 0x000001c3ee850c30 Uncommon trap: reason=unstable_if action=reinterpret pc=0x000001c39bf206ac method=org.eclipse.jdt.internal.core.index.DiskIndex.readStreamInt(Ljava/io/InputStream;)I @ 10 c2
Event: 52.977 Thread 0x000001c3ee850c30 DEOPT PACKING pc=0x000001c39bf206ac sp=0x000000137d7febc0
Event: 52.977 Thread 0x000001c3ee850c30 DEOPT UNPACKING pc=0x000001c39acc6da2 sp=0x000000137d7feb40 mode 2
Event: 53.041 Thread 0x000001c3ee850c30 DEOPT PACKING pc=0x000001c395baa82f sp=0x000000137d7fee90
Event: 53.041 Thread 0x000001c3ee850c30 DEOPT UNPACKING pc=0x000001c39acc78e2 sp=0x000000137d7fe400 mode 0
Event: 53.049 Thread 0x000001c3ee850c30 DEOPT PACKING pc=0x000001c395bb969c sp=0x000000137d7febf0
Event: 53.049 Thread 0x000001c3ee850c30 DEOPT UNPACKING pc=0x000001c39acc78e2 sp=0x000000137d7fe1a0 mode 0
Event: 53.057 Thread 0x000001c3ee850c30 DEOPT PACKING pc=0x000001c395bbda9d sp=0x000000137d7feed0
Event: 53.057 Thread 0x000001c3ee850c30 DEOPT UNPACKING pc=0x000001c39acc78e2 sp=0x000000137d7fe3c8 mode 0
Event: 53.152 Thread 0x000001c3ee850c30 DEOPT PACKING pc=0x000001c395bb969c sp=0x000000137d7febf0
Event: 53.152 Thread 0x000001c3ee850c30 DEOPT UNPACKING pc=0x000001c39acc78e2 sp=0x000000137d7fe1a0 mode 0
Event: 53.197 Thread 0x000001c3ee850c30 DEOPT PACKING pc=0x000001c395bbda9d sp=0x000000137d7feed0
Event: 53.197 Thread 0x000001c3ee850c30 DEOPT UNPACKING pc=0x000001c39acc78e2 sp=0x000000137d7fe3c8 mode 0
Event: 54.381 Thread 0x000001c3ee850c30 DEOPT PACKING pc=0x000001c395bb969c sp=0x000000137d7febf0
Event: 54.381 Thread 0x000001c3ee850c30 DEOPT UNPACKING pc=0x000001c39acc78e2 sp=0x000000137d7fe1a0 mode 0
Event: 54.382 Thread 0x000001c3ee850c30 DEOPT PACKING pc=0x000001c395bbda9d sp=0x000000137d7feed0
Event: 54.382 Thread 0x000001c3ee850c30 DEOPT UNPACKING pc=0x000001c39acc78e2 sp=0x000000137d7fe3c8 mode 0

Classes loaded (20 events):
Event: 33.370 Loading class java/util/TreeMap$TreeMapSpliterator done
Event: 33.371 Loading class java/util/TreeMap$ValueSpliterator done
Event: 33.419 Loading class java/util/concurrent/CompletionException
Event: 33.420 Loading class java/util/concurrent/CompletionException done
Event: 33.428 Loading class java/nio/file/FileTreeWalker$1
Event: 33.429 Loading class java/nio/file/FileTreeWalker$1 done
Event: 33.433 Loading class sun/nio/fs/Globs
Event: 33.433 Loading class sun/nio/fs/Globs done
Event: 33.433 Loading class java/util/regex/Pattern$SliceU
Event: 33.434 Loading class java/util/regex/Pattern$SliceU done
Event: 33.434 Loading class sun/nio/fs/WindowsFileSystem$2
Event: 33.434 Loading class java/nio/file/PathMatcher
Event: 33.434 Loading class java/nio/file/PathMatcher done
Event: 33.434 Loading class sun/nio/fs/WindowsFileSystem$2 done
Event: 33.782 Loading class java/util/Collections$SynchronizedRandomAccessList
Event: 33.783 Loading class java/util/Collections$SynchronizedList
Event: 33.784 Loading class java/util/Collections$SynchronizedList done
Event: 33.784 Loading class java/util/Collections$SynchronizedRandomAccessList done
Event: 33.799 Loading class java/util/concurrent/CompletableFuture$Signaller
Event: 33.803 Loading class java/util/concurrent/CompletableFuture$Signaller done

Classes unloaded (7 events):
Event: 4.407 Thread 0x000001c3904c36a0 Unloading class 0x000001c3a81a5000 'java/lang/invoke/LambdaForm$MH+0x000001c3a81a5000'
Event: 4.407 Thread 0x000001c3904c36a0 Unloading class 0x000001c3a81a4c00 'java/lang/invoke/LambdaForm$MH+0x000001c3a81a4c00'
Event: 4.407 Thread 0x000001c3904c36a0 Unloading class 0x000001c3a81a4800 'java/lang/invoke/LambdaForm$MH+0x000001c3a81a4800'
Event: 4.407 Thread 0x000001c3904c36a0 Unloading class 0x000001c3a81a4400 'java/lang/invoke/LambdaForm$MH+0x000001c3a81a4400'
Event: 4.407 Thread 0x000001c3904c36a0 Unloading class 0x000001c3a81a4000 'java/lang/invoke/LambdaForm$BMH+0x000001c3a81a4000'
Event: 4.407 Thread 0x000001c3904c36a0 Unloading class 0x000001c3a81a3c00 'java/lang/invoke/LambdaForm$DMH+0x000001c3a81a3c00'
Event: 4.407 Thread 0x000001c3904c36a0 Unloading class 0x000001c3a81a2800 'java/lang/invoke/LambdaForm$DMH+0x000001c3a81a2800'

Classes redefined (0 events):
No events

Internal exceptions (20 events):
Event: 50.471 Thread 0x000001c3ee850c30 Exception <a 'sun/nio/fs/WindowsException'{0x00000000d5636cf0}> (0x00000000d5636cf0) 
thrown [s\src\hotspot\share\prims\jni.cpp, line 520]
Event: 50.542 Thread 0x000001c3ee850c30 Exception <a 'sun/nio/fs/WindowsException'{0x00000000d5635c38}> (0x00000000d5635c38) 
thrown [s\src\hotspot\share\prims\jni.cpp, line 520]
Event: 50.660 Thread 0x000001c3ee850c30 Exception <a 'sun/nio/fs/WindowsException'{0x00000000d5751470}> (0x00000000d5751470) 
thrown [s\src\hotspot\share\prims\jni.cpp, line 520]
Event: 50.702 Thread 0x000001c3ee850c30 Exception <a 'sun/nio/fs/WindowsException'{0x00000000d59fc138}> (0x00000000d59fc138) 
thrown [s\src\hotspot\share\prims\jni.cpp, line 520]
Event: 50.733 Thread 0x000001c3ee850c30 Exception <a 'sun/nio/fs/WindowsException'{0x00000000d58d3198}> (0x00000000d58d3198) 
thrown [s\src\hotspot\share\prims\jni.cpp, line 520]
Event: 50.740 Thread 0x000001c3ee850c30 Exception <a 'sun/nio/fs/WindowsException'{0x00000000d58f1be0}> (0x00000000d58f1be0) 
thrown [s\src\hotspot\share\prims\jni.cpp, line 520]
Event: 51.026 Thread 0x000001c3ee850c30 Exception <a 'sun/nio/fs/WindowsException'{0x00000000d583aaf8}> (0x00000000d583aaf8) 
thrown [s\src\hotspot\share\prims\jni.cpp, line 520]
Event: 51.045 Thread 0x000001c3ee850c30 Exception <a 'sun/nio/fs/WindowsException'{0x00000000d58f99a8}> (0x00000000d58f99a8) 
thrown [s\src\hotspot\share\prims\jni.cpp, line 520]
Event: 51.143 Thread 0x000001c3ee850c30 Exception <a 'sun/nio/fs/WindowsException'{0x00000000d575fbf8}> (0x00000000d575fbf8) 
thrown [s\src\hotspot\share\prims\jni.cpp, line 520]
Event: 51.223 Thread 0x000001c3ee850c30 Exception <a 'sun/nio/fs/WindowsException'{0x00000000d58d2508}> (0x00000000d58d2508) 
thrown [s\src\hotspot\share\prims\jni.cpp, line 520]
Event: 51.241 Thread 0x000001c3ee850c30 Exception <a 'sun/nio/fs/WindowsException'{0x00000000d5a3c058}> (0x00000000d5a3c058) 
thrown [s\src\hotspot\share\prims\jni.cpp, line 520]
Event: 51.289 Thread 0x000001c3ee850c30 Exception <a 'sun/nio/fs/WindowsException'{0x00000000d5dc8ac8}> (0x00000000d5dc8ac8) 
thrown [s\src\hotspot\share\prims\jni.cpp, line 520]
Event: 51.311 Thread 0x000001c3ee850c30 Exception <a 'sun/nio/fs/WindowsException'{0x00000000d568ebc0}> (0x00000000d568ebc0) 
thrown [s\src\hotspot\share\prims\jni.cpp, line 520]
Event: 51.366 Thread 0x000001c3ee850c30 Exception <a 'sun/nio/fs/WindowsException'{0x00000000d58d9e10}> (0x00000000d58d9e10) 
thrown [s\src\hotspot\share\prims\jni.cpp, line 520]
Event: 51.434 Thread 0x000001c3ee850c30 Exception <a 'sun/nio/fs/WindowsException'{0x00000000d5b2fa10}> (0x00000000d5b2fa10) 
thrown [s\src\hotspot\share\prims\jni.cpp, line 520]
Event: 51.622 Thread 0x000001c3ee850c30 Exception <a 'sun/nio/fs/WindowsException'{0x00000000d5d80cd8}> (0x00000000d5d80cd8) 
thrown [s\src\hotspot\share\prims\jni.cpp, line 520]
Event: 51.639 Thread 0x000001c3ee850c30 Exception <a 'sun/nio/fs/WindowsException'{0x00000000d5e1f608}> (0x00000000d5e1f608) 
thrown [s\src\hotspot\share\prims\jni.cpp, line 520]
Event: 52.008 Thread 0x000001c3ee850c30 Exception <a 'sun/nio/fs/WindowsException'{0x00000000d57a0090}> (0x00000000d57a0090) 
thrown [s\src\hotspot\share\prims\jni.cpp, line 520]
Event: 52.047 Thread 0x000001c3ee850c30 Exception <a 'sun/nio/fs/WindowsException'{0x00000000d55d0b70}> (0x00000000d55d0b70) 
thrown [s\src\hotspot\share\prims\jni.cpp, line 520]
Event: 52.078 Thread 0x000001c3ee850c30 Exception <a 'sun/nio/fs/WindowsException'{0x00000000d57a2318}> (0x00000000d57a2318) 
thrown [s\src\hotspot\share\prims\jni.cpp, line 520]

ZGC Phase Switch (0 events):
No events

VM Operations (20 events):
Event: 52.485 Executing VM operation: ParallelGCFailedAllocation (Allocation Failure) done
Event: 52.581 Executing VM operation: ParallelGCFailedAllocation (Allocation Failure)
Event: 52.585 Executing VM operation: ParallelGCFailedAllocation (Allocation Failure) done
Event: 52.604 Executing VM operation: ParallelGCFailedAllocation (Allocation Failure)
Event: 52.612 Executing VM operation: ParallelGCFailedAllocation (Allocation Failure) done
Event: 52.800 Executing VM operation: ParallelGCFailedAllocation (Allocation Failure)
Event: 52.806 Executing VM operation: ParallelGCFailedAllocation (Allocation Failure) done
Event: 52.863 Executing VM operation: ParallelGCFailedAllocation (Allocation Failure)
Event: 52.873 Executing VM operation: ParallelGCFailedAllocation (Allocation Failure) done
Event: 52.926 Executing VM operation: ParallelGCFailedAllocation (Allocation Failure)
Event: 52.937 Executing VM operation: ParallelGCFailedAllocation (Allocation Failure) done
Event: 52.990 Executing VM operation: ParallelGCFailedAllocation (Allocation Failure)
Event: 52.995 Executing VM operation: ParallelGCFailedAllocation (Allocation Failure) done
Event: 53.066 Executing VM operation: ParallelGCFailedAllocation (Allocation Failure)
Event: 53.071 Executing VM operation: ParallelGCFailedAllocation (Allocation Failure) done
Event: 53.188 Executing VM operation: ParallelGCFailedAllocation (Allocation Failure)
Event: 53.194 Executing VM operation: ParallelGCFailedAllocation (Allocation Failure) done
Event: 53.362 Executing VM operation: ParallelGCFailedAllocation (Allocation Failure)
Event: 54.366 Executing VM operation: ParallelGCFailedAllocation (Allocation Failure) done
Event: 54.398 Executing VM operation: ParallelGCFailedAllocation (Allocation Failure)

Memory protections (0 events):
No events

Nmethod flushes (20 events):
Event: 18.111 Thread 0x000001c3904c36a0 flushing  nmethod 0x000001c39403d210
Event: 18.111 Thread 0x000001c3904c36a0 flushing  nmethod 0x000001c39403d810
Event: 18.111 Thread 0x000001c3904c36a0 flushing  nmethod 0x000001c394042090
Event: 18.111 Thread 0x000001c3904c36a0 flushing  nmethod 0x000001c394044c10
Event: 18.111 Thread 0x000001c3904c36a0 flushing  nmethod 0x000001c39406b310
Event: 18.111 Thread 0x000001c3904c36a0 flushing  nmethod 0x000001c39409cf10
Event: 18.111 Thread 0x000001c3904c36a0 flushing osr nmethod 0x000001c3940b5f90
Event: 18.111 Thread 0x000001c3904c36a0 flushing  nmethod 0x000001c3940d4890
Event: 18.111 Thread 0x000001c3904c36a0 flushing  nmethod 0x000001c3940d9e10
Event: 18.111 Thread 0x000001c3904c36a0 flushing  nmethod 0x000001c3940e6310
Event: 18.111 Thread 0x000001c3904c36a0 flushing  nmethod 0x000001c3940e7b90
Event: 18.111 Thread 0x000001c3904c36a0 flushing  nmethod 0x000001c3940e8310
Event: 18.111 Thread 0x000001c3904c36a0 flushing  nmethod 0x000001c3940e8690
Event: 18.111 Thread 0x000001c3904c36a0 flushing  nmethod 0x000001c3940e8a10
Event: 18.111 Thread 0x000001c3904c36a0 flushing  nmethod 0x000001c3940e8f90
Event: 18.111 Thread 0x000001c3904c36a0 flushing  nmethod 0x000001c3940eab90
Event: 18.111 Thread 0x000001c3904c36a0 flushing  nmethod 0x000001c3940ef010
Event: 18.111 Thread 0x000001c3904c36a0 flushing  nmethod 0x000001c3940fe090
Event: 18.111 Thread 0x000001c3904c36a0 flushing  nmethod 0x000001c394128190
Event: 18.111 Thread 0x000001c3904c36a0 flushing  nmethod 0x000001c394129690

Events (20 events):
Event: 31.480 Thread 0x000001c3904e5ca0 Thread added: 0x000001c3fb9491b0
Event: 31.581 Thread 0x000001c3f0d761c0 Thread exited: 0x000001c3f0d761c0
Event: 31.581 Thread 0x000001c3f0d754a0 Thread exited: 0x000001c3f0d754a0
Event: 31.581 Thread 0x000001c3f089b3d0 Thread exited: 0x000001c3f089b3d0
Event: 31.581 Thread 0x000001c3f0d78fb0 Thread exited: 0x000001c3f0d78fb0
Event: 31.582 Thread 0x000001c3f0d78290 Thread exited: 0x000001c3f0d78290
Event: 32.269 Thread 0x000001c3ee84ff10 Thread added: 0x000001c3f089ba60
Event: 32.269 Thread 0x000001c3ee84ff10 Thread added: 0x000001c3f089ad40
Event: 32.269 Thread 0x000001c3ee84ff10 Thread added: 0x000001c3f0899990
Event: 32.269 Thread 0x000001c3ee84ff10 Thread added: 0x000001c3f089a020
Event: 32.269 Thread 0x000001c3ee84ff10 Thread added: 0x000001c3f089b3d0
Event: 32.323 Thread 0x000001c3f089ad40 Thread exited: 0x000001c3f089ad40
Event: 32.323 Thread 0x000001c3f089a020 Thread exited: 0x000001c3f089a020
Event: 32.323 Thread 0x000001c3f089b3d0 Thread exited: 0x000001c3f089b3d0
Event: 32.323 Thread 0x000001c3f089ba60 Thread exited: 0x000001c3f089ba60
Event: 32.323 Thread 0x000001c3f0899990 Thread exited: 0x000001c3f0899990
Event: 35.209 Thread 0x000001c3fb9491b0 Thread exited: 0x000001c3fb9491b0
Event: 36.678 Thread 0x000001c3fb945460 Thread exited: 0x000001c3fb945460
Event: 37.970 Thread 0x000001c3904e5ca0 Thread added: 0x000001c3fb945460
Event: 38.671 Thread 0x000001c3fb945460 Thread exited: 0x000001c3fb945460


Dynamic libraries:
0x00007ff7c2f10000 - 0x00007ff7c2f1e000 	c:\Users\LENOVO\.vscode\extensions\redhat.java-1.43.1-win32-x64\jre\21.0.7-win32-x86_64\bin\java.exe
0x00007ffdd94a0000 - 0x00007ffdd9707000 	C:\WINDOWS\SYSTEM32\ntdll.dll
0x00007ffdd7580000 - 0x00007ffdd7649000 	C:\WINDOWS\System32\KERNEL32.DLL
0x00007ffdd6cf0000 - 0x00007ffdd70e0000 	C:\WINDOWS\System32\KERNELBASE.dll
0x00007ffdd6890000 - 0x00007ffdd69db000 	C:\WINDOWS\System32\ucrtbase.dll
0x00007ffdd0fd0000 - 0x00007ffdd0fee000 	c:\Users\LENOVO\.vscode\extensions\redhat.java-1.43.1-win32-x64\jre\21.0.7-win32-x86_64\bin\VCRUNTIME140.dll
0x00007ffdc3b70000 - 0x00007ffdc3b88000 	c:\Users\LENOVO\.vscode\extensions\redhat.java-1.43.1-win32-x64\jre\21.0.7-win32-x86_64\bin\jli.dll
0x00007ffdbd320000 - 0x00007ffdbd5ba000 	C:\WINDOWS\WinSxS\amd64_microsoft.windows.common-controls_6595b64144ccf1df_6.0.26100.4768_none_3e0c112ce331287c\COMCTL32.dll
0x00007ffdd76c0000 - 0x00007ffdd7885000 	C:\WINDOWS\System32\USER32.dll
0x00007ffdd9200000 - 0x00007ffdd92a9000 	C:\WINDOWS\System32\msvcrt.dll
0x00007ffdd69e0000 - 0x00007ffdd6a07000 	C:\WINDOWS\System32\win32u.dll
0x00007ffdd78c0000 - 0x00007ffdd78eb000 	C:\WINDOWS\System32\GDI32.dll
0x00007ffdd6750000 - 0x00007ffdd6888000 	C:\WINDOWS\System32\gdi32full.dll
0x00007ffdd70f0000 - 0x00007ffdd7193000 	C:\WINDOWS\System32\msvcp_win.dll
0x00007ffdd7530000 - 0x00007ffdd755f000 	C:\WINDOWS\System32\IMM32.DLL
0x00007ffdd0ed0000 - 0x00007ffdd0edc000 	c:\Users\LENOVO\.vscode\extensions\redhat.java-1.43.1-win32-x64\jre\21.0.7-win32-x86_64\bin\vcruntime140_1.dll
0x00007ffd811c0000 - 0x00007ffd8124d000 	c:\Users\LENOVO\.vscode\extensions\redhat.java-1.43.1-win32-x64\jre\21.0.7-win32-x86_64\bin\msvcp140.dll
0x00007ffd097b0000 - 0x00007ffd0a540000 	c:\Users\LENOVO\.vscode\extensions\redhat.java-1.43.1-win32-x64\jre\21.0.7-win32-x86_64\bin\server\jvm.dll
0x00007ffdd8d80000 - 0x00007ffdd8e34000 	C:\WINDOWS\System32\ADVAPI32.dll
0x00007ffdd8ae0000 - 0x00007ffdd8b86000 	C:\WINDOWS\System32\sechost.dll
0x00007ffdd7230000 - 0x00007ffdd7348000 	C:\WINDOWS\System32\RPCRT4.dll
0x00007ffdd8300000 - 0x00007ffdd8374000 	C:\WINDOWS\System32\WS2_32.dll
0x00007ffdd6430000 - 0x00007ffdd648e000 	C:\WINDOWS\SYSTEM32\POWRPROF.dll
0x00007ffdc9e20000 - 0x00007ffdc9e55000 	C:\WINDOWS\SYSTEM32\WINMM.dll
0x00007ffdcf4b0000 - 0x00007ffdcf4bb000 	C:\WINDOWS\SYSTEM32\VERSION.dll
0x00007ffdd6410000 - 0x00007ffdd6424000 	C:\WINDOWS\SYSTEM32\UMPDC.dll
0x00007ffdd5350000 - 0x00007ffdd536b000 	C:\WINDOWS\SYSTEM32\kernel.appcore.dll
0x00007ffdc4020000 - 0x00007ffdc402a000 	c:\Users\LENOVO\.vscode\extensions\redhat.java-1.43.1-win32-x64\jre\21.0.7-win32-x86_64\bin\jimage.dll
0x00007ffdd3280000 - 0x00007ffdd34c1000 	C:\WINDOWS\SYSTEM32\DBGHELP.DLL
0x00007ffdd78f0000 - 0x00007ffdd7c75000 	C:\WINDOWS\System32\combase.dll
0x00007ffdd7350000 - 0x00007ffdd7430000 	C:\WINDOWS\System32\OLEAUT32.dll
0x00007ffdb0d10000 - 0x00007ffdb0d53000 	C:\WINDOWS\SYSTEM32\dbgcore.DLL
0x00007ffdd6c50000 - 0x00007ffdd6ce9000 	C:\WINDOWS\System32\bcryptPrimitives.dll
0x00007ffdd0ec0000 - 0x00007ffdd0ecf000 	c:\Users\LENOVO\.vscode\extensions\redhat.java-1.43.1-win32-x64\jre\21.0.7-win32-x86_64\bin\instrument.dll
0x00007ffdbd020000 - 0x00007ffdbd03f000 	c:\Users\LENOVO\.vscode\extensions\redhat.java-1.43.1-win32-x64\jre\21.0.7-win32-x86_64\bin\java.dll
0x00007ffdd8390000 - 0x00007ffdd8add000 	C:\WINDOWS\System32\SHELL32.dll
0x00007ffdd65d0000 - 0x00007ffdd6743000 	C:\WINDOWS\System32\wintypes.dll
0x00007ffdd4190000 - 0x00007ffdd49ef000 	C:\WINDOWS\SYSTEM32\windows.storage.dll
0x00007ffdd8ff0000 - 0x00007ffdd90e5000 	C:\WINDOWS\System32\SHCORE.dll
0x00007ffdd7650000 - 0x00007ffdd76ba000 	C:\WINDOWS\System32\shlwapi.dll
0x00007ffdd64f0000 - 0x00007ffdd6519000 	C:\WINDOWS\SYSTEM32\profapi.dll
0x00007ffdbbc70000 - 0x00007ffdbbc88000 	c:\Users\LENOVO\.vscode\extensions\redhat.java-1.43.1-win32-x64\jre\21.0.7-win32-x86_64\bin\zip.dll
0x00007ffdc3080000 - 0x00007ffdc3090000 	C:\Users\LENOVO\.vscode\extensions\redhat.java-1.43.1-win32-x64\jre\21.0.7-win32-x86_64\bin\net.dll
0x00007ffdcf9f0000 - 0x00007ffdcfb0e000 	C:\WINDOWS\SYSTEM32\WINHTTP.dll
0x00007ffdd58e0000 - 0x00007ffdd594b000 	C:\WINDOWS\system32\mswsock.dll
0x00007ffdba850000 - 0x00007ffdba866000 	C:\Users\LENOVO\.vscode\extensions\redhat.java-1.43.1-win32-x64\jre\21.0.7-win32-x86_64\bin\nio.dll
0x00007ffdc3090000 - 0x00007ffdc30a0000 	c:\Users\LENOVO\.vscode\extensions\redhat.java-1.43.1-win32-x64\jre\21.0.7-win32-x86_64\bin\verify.dll
0x00007ffda8f00000 - 0x00007ffda8f45000 	C:\Users\LENOVO\AppData\Roaming\Code\User\globalStorage\redhat.java\1.43.1\config_win\org.eclipse.equinox.launcher\org.eclipse.equinox.launcher.win32.win32.x86_64_1.2.1300.v20250331-1702\eclipse_11911.dll
0x00007ffdd8e40000 - 0x00007ffdd8fe0000 	C:\WINDOWS\System32\ole32.dll
0x00007ffdd5ba0000 - 0x00007ffdd5bbb000 	C:\WINDOWS\SYSTEM32\CRYPTSP.dll
0x00007ffdd52b0000 - 0x00007ffdd52eb000 	C:\WINDOWS\system32\rsaenh.dll
0x00007ffdd5980000 - 0x00007ffdd59ab000 	C:\WINDOWS\SYSTEM32\USERENV.dll
0x00007ffdd64c0000 - 0x00007ffdd64e6000 	C:\WINDOWS\SYSTEM32\bcrypt.dll
0x00007ffdd5bc0000 - 0x00007ffdd5bcc000 	C:\WINDOWS\SYSTEM32\CRYPTBASE.dll
0x00007ffdd4df0000 - 0x00007ffdd4e23000 	C:\WINDOWS\SYSTEM32\IPHLPAPI.DLL
0x00007ffdd8380000 - 0x00007ffdd838a000 	C:\WINDOWS\System32\NSI.dll
0x00007ffda2c40000 - 0x00007ffda2c89000 	C:\Users\LENOVO\AppData\Local\Temp\jna--2053026509\jna4919534900997487504.dll
0x00007ffdd7570000 - 0x00007ffdd7578000 	C:\WINDOWS\System32\PSAPI.DLL
0x00007ffdd0560000 - 0x00007ffdd057f000 	C:\WINDOWS\SYSTEM32\dhcpcsvc6.DLL
0x00007ffdd0530000 - 0x00007ffdd0555000 	C:\WINDOWS\SYSTEM32\dhcpcsvc.DLL
0x00007ffdd5480000 - 0x00007ffdd54b6000 	C:\WINDOWS\SYSTEM32\ntmarta.dll

dbghelp: loaded successfully - version: 4.0.5 - missing functions: none
symbol engine: initialized successfully - sym options: 0x614 - pdb path: .;c:\Users\LENOVO\.vscode\extensions\redhat.java-1.43.1-win32-x64\jre\21.0.7-win32-x86_64\bin;C:\WINDOWS\SYSTEM32;C:\WINDOWS\WinSxS\amd64_microsoft.windows.common-controls_6595b64144ccf1df_6.0.26100.4768_none_3e0c112ce331287c;c:\Users\LENOVO\.vscode\extensions\redhat.java-1.43.1-win32-x64\jre\21.0.7-win32-x86_64\bin\server;C:\Users\LENOVO\AppData\Roaming\Code\User\globalStorage\redhat.java\1.43.1\config_win\org.eclipse.equinox.launcher\org.eclipse.equinox.launcher.win32.win32.x86_64_1.2.1300.v20250331-1702;C:\Users\LENOVO\AppData\Local\Temp\jna--2053026509

VM Arguments:
jvm_args: --add-modules=ALL-SYSTEM --add-opens=java.base/java.util=ALL-UNNAMED --add-opens=java.base/java.lang=ALL-UNNAMED --add-opens=java.base/sun.nio.fs=ALL-UNNAMED -Declipse.application=org.eclipse.jdt.ls.core.id1 -Dosgi.bundles.defaultStartLevel=4 -Declipse.product=org.eclipse.jdt.ls.core.product -Djava.import.generatesMetadataFilesAtProjectRoot=false -DDetectVMInstallationsJob.disabled=true -Dfile.encoding=utf8 -XX:+UseParallelGC -XX:GCTimeRatio=4 -XX:AdaptiveSizePolicyWeight=90 -Dsun.zip.disableMemoryMapping=true -Xmx2G -Xms100m -Xlog:disable -javaagent:c:\Users\LENOVO\.vscode\extensions\redhat.java-1.43.1-win32-x64\lombok\lombok-1.18.39-4050.jar -XX:+HeapDumpOnOutOfMemoryError -XX:HeapDumpPath=c:\Users\LENOVO\AppData\Roaming\Code\User\workspaceStorage\23cf22b3fc5e2b9aab88046ae1884689\redhat.java -Daether.dependencyCollector.impl=bf 
java_command: c:\Users\LENOVO\.vscode\extensions\redhat.java-1.43.1-win32-x64\server\plugins\org.eclipse.equinox.launcher_1.7.0.v20250519-0528.jar -configuration c:\Users\LENOVO\AppData\Roaming\Code\User\globalStorage\redhat.java\1.43.1\config_win -data c:\Users\LENOVO\AppData\Roaming\Code\User\workspaceStorage\23cf22b3fc5e2b9aab88046ae1884689\redhat.java\jdt_ws --pipe=\\.\pipe\lsp-36586c5eb36338d1929f8077f41b0d26-sock
java_class_path (initial): c:\Users\LENOVO\.vscode\extensions\redhat.java-1.43.1-win32-x64\server\plugins\org.eclipse.equinox.launcher_1.7.0.v20250519-0528.jar
Launcher Type: SUN_STANDARD

[Global flags]
    uintx AdaptiveSizePolicyWeight                 = 90                                        {product} {command line}
     intx CICompilerCount                          = 4                                         {product} {ergonomic}
    uintx GCTimeRatio                              = 4                                         {product} {command line}
     bool HeapDumpOnOutOfMemoryError               = true                                   {manageable} {command line}
    ccstr HeapDumpPath                             = c:\Users\LENOVO\AppData\Roaming\Code\User\workspaceStorage\23cf22b3fc5e2b9aab88046ae1884689\redhat.java         {manageable} {command line}
   size_t InitialHeapSize                          = 104857600                                 {product} {command line}
   size_t MaxHeapSize                              = 2147483648                                {product} {command line}
   size_t MaxNewSize                               = 715653120                                 {product} {ergonomic}
   size_t MinHeapDeltaBytes                        = 524288                                    {product} {ergonomic}
   size_t MinHeapSize                              = 104857600                                 {product} {command line}
   size_t NewSize                                  = 34603008                                  {product} {ergonomic}
    uintx NonNMethodCodeHeapSize                   = 5839372                                {pd product} {ergonomic}
    uintx NonProfiledCodeHeapSize                  = 122909434                              {pd product} {ergonomic}
   size_t OldSize                                  = 70254592                                  {product} {ergonomic}
    uintx ProfiledCodeHeapSize                     = 122909434                              {pd product} {ergonomic}
    uintx ReservedCodeCacheSize                    = 251658240                              {pd product} {ergonomic}
     bool SegmentedCodeCache                       = true                                      {product} {ergonomic}
   size_t SoftMaxHeapSize                          = 2147483648                             {manageable} {ergonomic}
     bool UseCompressedOops                        = true                           {product lp64_product} {ergonomic}
     bool UseLargePagesIndividualAllocation        = false                                  {pd product} {ergonomic}
     bool UseParallelGC                            = true                                      {product} {command line}

Logging:
Log output configuration:
 #0: stdout all=off uptime,level,tags foldmultilines=false
 #1: stderr all=off uptime,level,tags foldmultilines=false

Environment Variables:
JAVA_HOME=C:\Program Files\Java\jdk-21
PATH=C:\Program Files\SqlCmd\;C:\Python312\Scripts\;C:\Python312\;C:\Program Files\Microsoft MPI\Bin\;C:\Program Files\Common Files\Oracle\Java\javapath;C:\Program Files (x86)\Common Files\Oracle\Java\java8path;C:\ProgramData\Oracle\Java\javapath;C:\Program Files\Microsoft\jdk-11.0.16.101-hotspot\bin;F:\FPT Polytechnic\ITI101-Nh?p Môn CNTT\Bài Lab;C:\Windows\system32;C:\Windows;C:\Windows\System32\Wbem;C:\Windows\System32\WindowsPowerShell\v1.0\;C:\Windows\System32\OpenSSH\;C:\Program Files (x86)\NVIDIA Corporation\PhysX\Common;C:\WINDOWS\system32;C:\WINDOWS;C:\WINDOWS\System32\Wbem;C:\WINDOWS\System32\WindowsPowerShell\v1.0\;C:\WINDOWS\System32\OpenSSH\;C:\Program Files\Microsoft SQL Server\150\Tools\Binn\;C:\Program Files\Java\jdk-17\bin;C:\Program Files (x86)\Microsoft SQL Server\160\DTS\Binn\;C:\Program Files (x86)\Microsoft SQL Server\160\Tools\Binn\;C:\Program Files\Microsoft SQL Server\160\Tools\Binn\;C:\Program Files\Microsoft SQL Server\Client SDK\ODBC\170\Tools\Binn\;C:\Program Files\Microsoft SQL Server\160\DTS\Binn\;D:\Git\cmd;C:\Program Files\Java\jdk-21\bin;C:\maven\apache-maven-3.9.8\bin;C:\ProgramData\chocolatey\bin;C:\Program Files\Docker\Docker\resources\bin;C:\Program Files\Cloudflare\Cloudflare WARP\;C:\Tools\sqlpackage;;C:\Program Files\NVIDIA Corporation\NVIDIA App\NvDLISR;C:\Program Files\nodejs\;C:\Program Files\MySQL\MySQL Shell 8.0\bin\;C:\Users\LENOVO\AppData\Local\Microsoft\WindowsApps;D:\Microsoft VS Code\bin;C:\Program Files\Azure Data Studio\bin;C:\Users\LENOVO\AppData\Local\GitHubDesktop\bin;C:\Tools\sqlpackage;C:\Users\LENOVO\AppData\Roaming\npm
USERNAME=LENOVO
OS=Windows_NT
PROCESSOR_IDENTIFIER=Intel64 Family 6 Model 140 Stepping 2, GenuineIntel
TMP=C:\Users\LENOVO\AppData\Local\Temp
TEMP=C:\Users\LENOVO\AppData\Local\Temp




Periodic native trim disabled

---------------  S Y S T E M  ---------------

OS:
 Windows 11 , 64 bit Build 26100 (10.0.26100.4768)
OS uptime: 0 days 2:16 hours
Hyper-V role detected

CPU: total 8 (initial active 8) (4 cores per cpu, 2 threads per core) family 6 model 140 stepping 2 microcode 0x26, cx8, cmov, fxsr, ht, mmx, 3dnowpref, sse, sse2, sse3, ssse3, sse4.1, sse4.2, popcnt, lzcnt, tsc, tscinvbit, avx, avx2, aes, erms, clmul, bmi1, bmi2, adx, avx512f, avx512dq, avx512cd, avx512bw, avx512vl, sha, fma, vzeroupper, avx512_vpopcntdq, avx512_vpclmulqdq, avx512_vaes, avx512_vnni, clflush, clflushopt, clwb, avx512_vbmi2, avx512_vbmi, hv, rdtscp, rdpid, fsrm, gfni, avx512_bitalg, f16c, cet_ibt, cet_ss, avx512_ifma
Processor Information for the first 8 processors :
  Max Mhz: 3187, Current Mhz: 3187, Mhz Limit: 3187

Memory: 4k page, system-wide physical 7975M (383M free)
TotalPageFile size 20263M (AvailPageFile size 114M)
current process WorkingSet (physical memory assigned to process): 589M, peak: 839M
current process commit charge ("private bytes"): 1150M, peak: 1150M

vm_info: OpenJDK 64-Bit Server VM (21.0.7+6-LTS) for windows-amd64 JRE (21.0.7+6-LTS), built on 2025-04-15T00:00:00Z by "admin" with MS VC++ 17.7 (VS2022)

END.
