#
# There is insufficient memory for the Java Runtime Environment to continue.
# Native memory allocation (malloc) failed to allocate 1825136 bytes. Error detail: Chunk::new
# Possible reasons:
#   The system is out of physical RAM or swap space
#   This process is running with CompressedOops enabled, and the Java Heap may be blocking the growth of the native heap
# Possible solutions:
#   Reduce memory load on the system
#   Increase physical memory or swap space
#   Check if swap backing store is full
#   Decrease Java heap size (-Xmx/-Xms)
#   Decrease number of Java threads
#   Decrease Java thread stack sizes (-Xss)
#   Set larger code cache with -XX:ReservedCodeCacheSize=
#   JVM is running with Unscaled Compressed Oops mode in which the Java heap is
#     placed in the first 4GB address space. The Java Heap base address is the
#     maximum limit for the native heap growth. Please use -XX:HeapBaseMinAddress
#     to set the Java Heap base and to place the Java Heap above 4GB virtual address.
# This output file may be truncated or incomplete.
#
#  Out of Memory Error (arena.cpp:168), pid=6228, tid=11164
#
# JRE version: OpenJDK Runtime Environment Temurin-21.0.7+6 (21.0.7+6) (build 21.0.7+6-LTS)
# Java VM: OpenJDK 64-Bit Server VM Temurin-21.0.7+6 (21.0.7+6-LTS, mixed mode, sharing, tiered, compressed oops, compressed class ptrs, parallel gc, windows-amd64)
# No core dump will be written. Minidumps are not enabled by default on client versions of Windows
#

---------------  S U M M A R Y ------------

Command Line: --add-modules=ALL-SYSTEM --add-opens=java.base/java.util=ALL-UNNAMED --add-opens=java.base/java.lang=ALL-UNNAMED --add-opens=java.base/sun.nio.fs=ALL-UNNAMED -Declipse.application=org.eclipse.jdt.ls.core.id1 -Dosgi.bundles.defaultStartLevel=4 -Declipse.product=org.eclipse.jdt.ls.core.product -Djava.import.generatesMetadataFilesAtProjectRoot=false -DDetectVMInstallationsJob.disabled=true -Dfile.encoding=utf8 -XX:+UseParallelGC -XX:GCTimeRatio=4 -XX:AdaptiveSizePolicyWeight=90 -Dsun.zip.disableMemoryMapping=true -Xmx2G -Xms100m -Xlog:disable -javaagent:c:\Users\LENOVO\.vscode\extensions\redhat.java-1.43.1-win32-x64\lombok\lombok-1.18.39-4050.jar -XX:+HeapDumpOnOutOfMemoryError -XX:HeapDumpPath=c:\Users\LENOVO\AppData\Roaming\Code\User\workspaceStorage\23cf22b3fc5e2b9aab88046ae1884689\redhat.java -Daether.dependencyCollector.impl=bf c:\Users\LENOVO\.vscode\extensions\redhat.java-1.43.1-win32-x64\server\plugins\org.eclipse.equinox.launcher_1.7.0.v20250519-0528.jar -configuration c:\Users\LENOVO\AppData\Roaming\Code\User\globalStorage\redhat.java\1.43.1\config_win -data c:\Users\LENOVO\AppData\Roaming\Code\User\workspaceStorage\23cf22b3fc5e2b9aab88046ae1884689\redhat.java\jdt_ws --pipe=\\.\pipe\lsp-e62e886a5487e7fa86ed660b51fb08cf-sock

Host: 11th Gen Intel(R) Core(TM) i5-11320H @ 3.20GHz, 8 cores, 7G,  Windows 11 , 64 bit Build 26100 (10.0.26100.4768)
Time: Thu Jul 24 23:34:46 2025 SE Asia Standard Time elapsed time: 59.516924 seconds (0d 0h 0m 59s)

---------------  T H R E A D  ---------------

Current thread (0x000002df06603a00):  JavaThread "C2 CompilerThread1" daemon [_thread_in_native, id=11164, stack(0x000000ee9f800000,0x000000ee9f900000) (1024K)]


Current CompileTask:
C2:59516 15410       4       org.eclipse.jdt.internal.core.search.indexing.BinaryIndexer::extractReferenceFromConstantPool (358 bytes)

Stack: [0x000000ee9f800000,0x000000ee9f900000]
Native frames: (J=compiled Java code, j=interpreted, Vv=VM code, C=native code)
V  [jvm.dll+0x6ce119]
V  [jvm.dll+0x8a84a1]
V  [jvm.dll+0x8aa9ce]
V  [jvm.dll+0x8ab0b3]
V  [jvm.dll+0x27f8a6]
V  [jvm.dll+0xc507d]
V  [jvm.dll+0xc55b3]
V  [jvm.dll+0x3b68f2]
V  [jvm.dll+0x1dfe33]
V  [jvm.dll+0x247c42]
V  [jvm.dll+0x2470cf]
V  [jvm.dll+0x1c760e]
V  [jvm.dll+0x25695a]
V  [jvm.dll+0x254efa]
V  [jvm.dll+0x3f03f6]
V  [jvm.dll+0x851f6b]
V  [jvm.dll+0x6cc7dd]
C  [ucrtbase.dll+0x37b0]
C  [KERNEL32.DLL+0x2e8d7]
C  [ntdll.dll+0x3c34c]


---------------  P R O C E S S  ---------------

Threads class SMR info:
_java_thread_list=0x000002df17b990e0, length=61, elements={
0x000002df222802b0, 0x000002df2233ab20, 0x000002df2233d050, 0x000002df38ce4090,
0x000002df38ce67b0, 0x000002df38ce8960, 0x000002df38ceb3c0, 0x000002df38cec1f0,
0x000002df0406eb40, 0x000002df040c1af0, 0x000002df04372600, 0x000002df04ad11b0,
0x000002df047d73c0, 0x000002df04a6cc40, 0x000002df04c44f90, 0x000002df051bf6f0,
0x000002df053a3b70, 0x000002df052ede90, 0x000002df052ec450, 0x000002df052ecae0,
0x000002df052ed800, 0x000002df052eebb0, 0x000002df052eb730, 0x000002df052ed170,
0x000002df07f5bda0, 0x000002df07f5b710, 0x000002df07f59640, 0x000002df07f58920,
0x000002df07f58fb0, 0x000002df07f5b080, 0x000002df07f59cd0, 0x000002df07f5a9f0,
0x000002df07f5a360, 0x000002df065a2730, 0x000002df065a1a10, 0x000002df0659ffd0,
0x000002df065a20a0, 0x000002df065a3450, 0x000002df065a0660, 0x000002df065a6240,
0x000002df065a2dc0, 0x000002df065a4800, 0x000002df065a6f60, 0x000002df065a3ae0,
0x000002df065a4e90, 0x000002df065a5bb0, 0x000002df065a5520, 0x000002df065a68d0,
0x000002df065a75f0, 0x000002df052ebdc0, 0x000002df120b6300, 0x000002df120b55e0,
0x000002df120b7020, 0x000002df120b5c70, 0x000002df120b48c0, 0x000002df120bb1c0,
0x000002df120b9780, 0x000002df120b9e10, 0x000002df120bab30, 0x000002df120bb850,
0x000002df06603a00
}

Java Threads: ( => current thread )
  0x000002df222802b0 JavaThread "main"                              [_thread_blocked, id=21728, stack(0x000000ee9f900000,0x000000ee9fa00000) (1024K)]
  0x000002df2233ab20 JavaThread "Reference Handler"          daemon [_thread_blocked, id=7376, stack(0x000000ee9fd00000,0x000000ee9fe00000) (1024K)]
  0x000002df2233d050 JavaThread "Finalizer"                  daemon [_thread_blocked, id=3580, stack(0x000000ee9fe00000,0x000000ee9ff00000) (1024K)]
  0x000002df38ce4090 JavaThread "Signal Dispatcher"          daemon [_thread_blocked, id=22364, stack(0x000000ee9ff00000,0x000000eea0000000) (1024K)]
  0x000002df38ce67b0 JavaThread "Attach Listener"            daemon [_thread_blocked, id=5812, stack(0x000000eea0000000,0x000000eea0100000) (1024K)]
  0x000002df38ce8960 JavaThread "Service Thread"             daemon [_thread_blocked, id=12400, stack(0x000000eea0100000,0x000000eea0200000) (1024K)]
  0x000002df38ceb3c0 JavaThread "Monitor Deflation Thread"   daemon [_thread_blocked, id=22284, stack(0x000000eea0200000,0x000000eea0300000) (1024K)]
  0x000002df38cec1f0 JavaThread "C2 CompilerThread0"         daemon [_thread_in_native, id=23428, stack(0x000000eea0300000,0x000000eea0400000) (1024K)]
  0x000002df0406eb40 JavaThread "C1 CompilerThread0"         daemon [_thread_blocked, id=22864, stack(0x000000eea0400000,0x000000eea0500000) (1024K)]
  0x000002df040c1af0 JavaThread "Common-Cleaner"             daemon [_thread_blocked, id=14528, stack(0x000000eea0500000,0x000000eea0600000) (1024K)]
  0x000002df04372600 JavaThread "Notification Thread"        daemon [_thread_blocked, id=18060, stack(0x000000eea0600000,0x000000eea0700000) (1024K)]
  0x000002df04ad11b0 JavaThread "Active Thread: Equinox Container: 1b7d6c75-fcc3-4961-a4ad-49ff0bfd406b"        [_thread_blocked, id=8852, stack(0x000000eea0f00000,0x000000eea1000000) (1024K)]
  0x000002df047d73c0 JavaThread "Refresh Thread: Equinox Container: 1b7d6c75-fcc3-4961-a4ad-49ff0bfd406b" daemon [_thread_blocked, id=16320, stack(0x000000eea1000000,0x000000eea1100000) (1024K)]
  0x000002df04a6cc40 JavaThread "Framework Event Dispatcher: Equinox Container: 1b7d6c75-fcc3-4961-a4ad-49ff0bfd406b" daemon [_thread_blocked, id=18796, stack(0x000000eea1200000,0x000000eea1300000) (1024K)]
  0x000002df04c44f90 JavaThread "Start Level: Equinox Container: 1b7d6c75-fcc3-4961-a4ad-49ff0bfd406b" daemon [_thread_blocked, id=17248, stack(0x000000eea1300000,0x000000eea1400000) (1024K)]
  0x000002df051bf6f0 JavaThread "Bundle File Closer"         daemon [_thread_blocked, id=22596, stack(0x000000eea1400000,0x000000eea1500000) (1024K)]
  0x000002df053a3b70 JavaThread "SCR Component Actor"        daemon [_thread_blocked, id=4772, stack(0x000000eea1500000,0x000000eea1600000) (1024K)]
  0x000002df052ede90 JavaThread "Worker-JM"                         [_thread_blocked, id=13244, stack(0x000000eea0e00000,0x000000eea0f00000) (1024K)]
  0x000002df052ec450 JavaThread "JNA Cleaner"                daemon [_thread_blocked, id=11672, stack(0x000000eea0700000,0x000000eea0800000) (1024K)]
  0x000002df052ecae0 JavaThread "Worker-0"                          [_thread_blocked, id=10888, stack(0x000000eea1700000,0x000000eea1800000) (1024K)]
  0x000002df052ed800 JavaThread "Worker-1"                          [_thread_blocked, id=3752, stack(0x000000eea1800000,0x000000eea1900000) (1024K)]
  0x000002df052eebb0 JavaThread "Java indexing"              daemon [_thread_in_native, id=23280, stack(0x000000eea1b00000,0x000000eea1c00000) (1024K)]
  0x000002df052eb730 JavaThread "Worker-2"                          [_thread_blocked, id=12696, stack(0x000000eea1e00000,0x000000eea1f00000) (1024K)]
  0x000002df052ed170 JavaThread "Worker-3: Java indexing... "        [_thread_blocked, id=18644, stack(0x000000eea1f00000,0x000000eea2000000) (1024K)]
  0x000002df07f5bda0 JavaThread "Worker-4: Initialize workspace"        [_thread_in_Java, id=8456, stack(0x000000eea2000000,0x000000eea2100000) (1024K)]
  0x000002df07f5b710 JavaThread "Thread-2"                   daemon [_thread_in_native, id=17160, stack(0x000000eea2100000,0x000000eea2200000) (1024K)]
  0x000002df07f59640 JavaThread "Thread-3"                   daemon [_thread_in_native, id=3464, stack(0x000000eea2200000,0x000000eea2300000) (1024K)]
  0x000002df07f58920 JavaThread "Thread-4"                   daemon [_thread_in_native, id=17172, stack(0x000000eea2300000,0x000000eea2400000) (1024K)]
  0x000002df07f58fb0 JavaThread "Thread-5"                   daemon [_thread_in_native, id=16004, stack(0x000000eea2400000,0x000000eea2500000) (1024K)]
  0x000002df07f5b080 JavaThread "Thread-6"                   daemon [_thread_in_native, id=15512, stack(0x000000eea2500000,0x000000eea2600000) (1024K)]
  0x000002df07f59cd0 JavaThread "Thread-7"                   daemon [_thread_in_native, id=3616, stack(0x000000eea2600000,0x000000eea2700000) (1024K)]
  0x000002df07f5a9f0 JavaThread "Thread-8"                   daemon [_thread_in_native, id=4092, stack(0x000000eea2700000,0x000000eea2800000) (1024K)]
  0x000002df07f5a360 JavaThread "Thread-9"                   daemon [_thread_in_native, id=22744, stack(0x000000eea2800000,0x000000eea2900000) (1024K)]
  0x000002df065a2730 JavaThread "Thread-10"                  daemon [_thread_in_native, id=22776, stack(0x000000eea2900000,0x000000eea2a00000) (1024K)]
  0x000002df065a1a10 JavaThread "pool-2-thread-1"                   [_thread_blocked, id=2984, stack(0x000000eea2a00000,0x000000eea2b00000) (1024K)]
  0x000002df0659ffd0 JavaThread "WorkspaceEventsHandler"            [_thread_blocked, id=16276, stack(0x000000eea2b00000,0x000000eea2c00000) (1024K)]
  0x000002df065a20a0 JavaThread "pool-1-thread-1"                   [_thread_blocked, id=12868, stack(0x000000eea2c00000,0x000000eea2d00000) (1024K)]
  0x000002df065a3450 JavaThread "Worker-5"                          [_thread_blocked, id=19560, stack(0x000000eea2d00000,0x000000eea2e00000) (1024K)]
  0x000002df065a0660 JavaThread "Worker-6: Initialize Workspace"        [_thread_blocked, id=22052, stack(0x000000eea2e00000,0x000000eea2f00000) (1024K)]
  0x000002df065a6240 JavaThread "LocalFile Deleter"          daemon [_thread_blocked, id=17004, stack(0x000000eea1600000,0x000000eea1700000) (1024K)]
  0x000002df065a2dc0 JavaThread "LocalFile Deleter"          daemon [_thread_blocked, id=23288, stack(0x000000eea2f00000,0x000000eea3000000) (1024K)]
  0x000002df065a4800 JavaThread "LocalFile Deleter"          daemon [_thread_blocked, id=22212, stack(0x000000eea3000000,0x000000eea3100000) (1024K)]
  0x000002df065a6f60 JavaThread "LocalFile Deleter"          daemon [_thread_blocked, id=5264, stack(0x000000eea3100000,0x000000eea3200000) (1024K)]
  0x000002df065a3ae0 JavaThread "LocalFile Deleter"          daemon [_thread_blocked, id=20168, stack(0x000000eea3200000,0x000000eea3300000) (1024K)]
  0x000002df065a4e90 JavaThread "LocalFile Deleter"          daemon [_thread_blocked, id=20460, stack(0x000000eea3300000,0x000000eea3400000) (1024K)]
  0x000002df065a5bb0 JavaThread "LocalFile Deleter"          daemon [_thread_blocked, id=19524, stack(0x000000eea3400000,0x000000eea3500000) (1024K)]
  0x000002df065a5520 JavaThread "LocalFile Deleter"          daemon [_thread_blocked, id=6504, stack(0x000000eea3500000,0x000000eea3600000) (1024K)]
  0x000002df065a68d0 JavaThread "Compiler Source File Reader" daemon [_thread_blocked, id=8112, stack(0x000000eea3600000,0x000000eea3700000) (1024K)]
  0x000002df065a75f0 JavaThread "Compiler Source File Reader" daemon [_thread_blocked, id=7328, stack(0x000000eea3700000,0x000000eea3800000) (1024K)]
  0x000002df052ebdc0 JavaThread "Compiler Source File Reader" daemon [_thread_blocked, id=16724, stack(0x000000eea3800000,0x000000eea3900000) (1024K)]
  0x000002df120b6300 JavaThread "Compiler Source File Reader" daemon [_thread_blocked, id=10036, stack(0x000000eea3900000,0x000000eea3a00000) (1024K)]
  0x000002df120b55e0 JavaThread "Compiler Source File Reader" daemon [_thread_blocked, id=11424, stack(0x000000eea3a00000,0x000000eea3b00000) (1024K)]
  0x000002df120b7020 JavaThread "Compiler Source File Reader" daemon [_thread_blocked, id=12140, stack(0x000000eea3b00000,0x000000eea3c00000) (1024K)]
  0x000002df120b5c70 JavaThread "Compiler Processing Task"   daemon [_thread_blocked, id=6848, stack(0x000000eea1a00000,0x000000eea1b00000) (1024K)]
  0x000002df120b48c0 JavaThread "Compiler Class File Writer" daemon [_thread_blocked, id=22440, stack(0x000000eea3c00000,0x000000eea3d00000) (1024K)]
  0x000002df120bb1c0 JavaThread "Compiler Class File Writer" daemon [_thread_blocked, id=23212, stack(0x000000eea3d00000,0x000000eea3e00000) (1024K)]
  0x000002df120b9780 JavaThread "Compiler Class File Writer" daemon [_thread_blocked, id=10868, stack(0x000000eea3e00000,0x000000eea3f00000) (1024K)]
  0x000002df120b9e10 JavaThread "Compiler Class File Writer" daemon [_thread_blocked, id=15216, stack(0x000000eea3f00000,0x000000eea4000000) (1024K)]
  0x000002df120bab30 JavaThread "Compiler Class File Writer" daemon [_thread_blocked, id=6328, stack(0x000000eea4000000,0x000000eea4100000) (1024K)]
  0x000002df120bb850 JavaThread "Compiler Class File Writer" daemon [_thread_blocked, id=9464, stack(0x000000eea4100000,0x000000eea4200000) (1024K)]
=>0x000002df06603a00 JavaThread "C2 CompilerThread1"         daemon [_thread_in_native, id=11164, stack(0x000000ee9f800000,0x000000ee9f900000) (1024K)]
Total: 61

Other Threads:
  0x000002df38ce3140 VMThread "VM Thread"                           [id=18044, stack(0x000000ee9fc00000,0x000000ee9fd00000) (1024K)]
  0x000002df222ea260 WatcherThread "VM Periodic Task Thread"        [id=22316, stack(0x000000ee9fb00000,0x000000ee9fc00000) (1024K)]
  0x000002df2229dc10 WorkerThread "GC Thread#0"                     [id=18424, stack(0x000000ee9fa00000,0x000000ee9fb00000) (1024K)]
  0x000002df048d0830 WorkerThread "GC Thread#1"                     [id=22640, stack(0x000000eea0800000,0x000000eea0900000) (1024K)]
  0x000002df048d0bd0 WorkerThread "GC Thread#2"                     [id=21880, stack(0x000000eea0900000,0x000000eea0a00000) (1024K)]
  0x000002df048d0f70 WorkerThread "GC Thread#3"                     [id=2372, stack(0x000000eea0a00000,0x000000eea0b00000) (1024K)]
  0x000002df04c30080 WorkerThread "GC Thread#4"                     [id=21620, stack(0x000000eea0b00000,0x000000eea0c00000) (1024K)]
  0x000002df04c30420 WorkerThread "GC Thread#5"                     [id=23028, stack(0x000000eea0c00000,0x000000eea0d00000) (1024K)]
  0x000002df04c307c0 WorkerThread "GC Thread#6"                     [id=18552, stack(0x000000eea0d00000,0x000000eea0e00000) (1024K)]
  0x000002df04a703a0 WorkerThread "GC Thread#7"                     [id=7680, stack(0x000000eea1100000,0x000000eea1200000) (1024K)]
Total: 10

Threads with active compile tasks:
C2 CompilerThread0  59542 15423 % !   4       org.eclipse.jdt.internal.core.search.indexing.BinaryIndexer::indexDocument @ 559 (1168 bytes)
C2 CompilerThread1  59542 15410       4       org.eclipse.jdt.internal.core.search.indexing.BinaryIndexer::extractReferenceFromConstantPool (358 bytes)
Total: 2

VM state: not at safepoint (normal execution)

VM Mutex/Monitor currently owned by a thread:  ([mutex/lock_event])
[0x00007ffd0a45e308] Threads_lock - owner thread: 0x000002df38ce3140
[0x00007ffd0a45e408] Heap_lock - owner thread: 0x000002df07f5bda0

Heap address: 0x0000000080000000, size: 2048 MB, Compressed Oops mode: 32-bit

CDS archive(s) mapped at: [0x000002df39000000-0x000002df39ba0000-0x000002df39ba0000), size 12189696, SharedBaseAddress: 0x000002df39000000, ArchiveRelocationMode: 1.
Compressed class space mapped at: 0x000002df3a000000-0x000002df7a000000, reserved size: 1073741824
Narrow klass base: 0x000002df39000000, Narrow klass shift: 0, Narrow klass range: 0x100000000

GC Precious Log:
 CardTable entry size: 512
 CPUs: 8 total, 8 available
 Memory: 7975M
 Large Page Support: Disabled
 NUMA Support: Disabled
 Compressed Oops: Enabled (32-bit)
 Alignments: Space 512K, Generation 512K, Heap 2M
 Heap Min Capacity: 100M
 Heap Initial Capacity: 100M
 Heap Max Capacity: 2G
 Pre-touch: Disabled
 Parallel Workers: 8

Heap:
 PSYoungGen      total 8704K, used 7535K [0x00000000d5580000, 0x00000000d6100000, 0x0000000100000000)
  eden space 6144K, 100% used [0x00000000d5580000,0x00000000d5b80000,0x00000000d5b80000)
  from space 2560K, 54% used [0x00000000d5b80000,0x00000000d5cdbd70,0x00000000d5e00000)
  to   space 2048K, 0% used [0x00000000d5f00000,0x00000000d5f00000,0x00000000d6100000)
 ParOldGen       total 472576K, used 472534K [0x0000000080000000, 0x000000009cd80000, 0x00000000d5580000)
  object space 472576K, 99% used [0x0000000080000000,0x000000009cd75a20,0x000000009cd80000)
 Metaspace       used 67585K, committed 69248K, reserved 1114112K
  class space    used 6678K, committed 7488K, reserved 1048576K

Card table byte_map: [0x000002df21c30000,0x000002df22040000] _byte_map_base: 0x000002df21830000

Marking Bits: (ParMarkBitMap*) 0x00007ffd0a4631f0
 Begin Bits: [0x000002df34720000, 0x000002df36720000)
 End Bits:   [0x000002df36720000, 0x000002df38720000)

Polling page: 0x000002df204f0000

Metaspace:

Usage:
  Non-class:     59.48 MB used.
      Class:      6.52 MB used.
       Both:     66.00 MB used.

Virtual space:
  Non-class space:       64.00 MB reserved,      60.31 MB ( 94%) committed,  1 nodes.
      Class space:        1.00 GB reserved,       7.31 MB ( <1%) committed,  1 nodes.
             Both:        1.06 GB reserved,      67.62 MB (  6%) committed. 

Chunk freelists:
   Non-Class:  3.62 MB
       Class:  8.73 MB
        Both:  12.36 MB

MaxMetaspaceSize: unlimited
CompressedClassSpaceSize: 1.00 GB
Initial GC threshold: 21.00 MB
Current GC threshold: 97.31 MB
CDS: on
 - commit_granule_bytes: 65536.
 - commit_granule_words: 8192.
 - virtual_space_node_default_size: 8388608.
 - enlarge_chunks_in_place: 1.
 - use_allocation_guard: 0.


Internal statistics:

num_allocs_failed_limit: 9.
num_arena_births: 1346.
num_arena_deaths: 14.
num_vsnodes_births: 2.
num_vsnodes_deaths: 0.
num_space_committed: 1082.
num_space_uncommitted: 0.
num_chunks_returned_to_freelist: 23.
num_chunks_taken_from_freelist: 4630.
num_chunk_merges: 13.
num_chunk_splits: 2815.
num_chunks_enlarged: 1574.
num_inconsistent_stats: 0.

CodeHeap 'non-profiled nmethods': size=120000Kb used=13511Kb max_used=13511Kb free=106488Kb
 bounds [0x000002df2cf40000, 0x000002df2dc80000, 0x000002df34470000]
CodeHeap 'profiled nmethods': size=120000Kb used=36837Kb max_used=36837Kb free=83163Kb
 bounds [0x000002df25470000, 0x000002df27870000, 0x000002df2c9a0000]
CodeHeap 'non-nmethods': size=5760Kb used=1448Kb max_used=1667Kb free=4311Kb
 bounds [0x000002df2c9a0000, 0x000002df2cc10000, 0x000002df2cf40000]
 total_blobs=15365 nmethods=14616 adapters=652
 compilation: enabled
              stopped_count=0, restarted_count=0
 full_count=0

Compilation events (20 events):
Event: 58.098 Thread 0x000002df38cec1f0 15391       4       org.eclipse.jdt.internal.core.index.DiskIndex::writeAllDocumentNames (512 bytes)
Event: 58.110 Thread 0x000002df0406eb40 15416 %     3       org.eclipse.jdt.internal.core.util.Util::splitOn @ 37 (134 bytes)
Event: 58.111 Thread 0x000002df0406eb40 nmethod 15416% 0x000002df2785dd90 code [0x000002df2785e080, 0x000002df2785f3b0]
Event: 58.113 Thread 0x000002df0406eb40 15417 %     3       org.eclipse.jdt.internal.core.util.Util::splitOn @ 78 (134 bytes)
Event: 58.114 Thread 0x000002df0406eb40 nmethod 15417% 0x000002df2785fb10 code [0x000002df2785fe00, 0x000002df27861130]
Event: 58.114 Thread 0x000002df0406eb40 15418       3       org.eclipse.jdt.internal.core.util.Util::splitOn (134 bytes)
Event: 58.115 Thread 0x000002df0406eb40 nmethod 15418 0x000002df27861910 code [0x000002df27861be0, 0x000002df27862e10]
Event: 58.170 Thread 0x000002df0406eb40 15420   !   3       org.eclipse.jdt.internal.core.util.Util::getJdkLevel (220 bytes)
Event: 58.172 Thread 0x000002df0406eb40 nmethod 15420 0x000002df27863590 code [0x000002df27863a80, 0x000002df278660d8]
Event: 58.223 Thread 0x000002df0406eb40 15421       3       java.util.stream.ReferencePipeline$$Lambda/0x000002df3a07f558::apply (5 bytes)
Event: 58.223 Thread 0x000002df0406eb40 nmethod 15421 0x000002df27867290 code [0x000002df27867440, 0x000002df27867638]
Event: 58.223 Thread 0x000002df0406eb40 15422       3       java.util.stream.ReferencePipeline::lambda$toArray$0 (5 bytes)
Event: 58.223 Thread 0x000002df0406eb40 nmethod 15422 0x000002df27867710 code [0x000002df278678a0, 0x000002df27867a20]
Event: 58.226 Thread 0x000002df38cec1f0 nmethod 15391 0x000002df2dc65b90 code [0x000002df2dc660a0, 0x000002df2dc69e58]
Event: 58.227 Thread 0x000002df38cec1f0 15419       4       org.eclipse.jdt.internal.compiler.parser.Scanner::internalScanIdentifierOrKeyword (5041 bytes)
Event: 58.380 Thread 0x000002df38cec1f0 nmethod 15419 0x000002df2dc6c590 code [0x000002df2dc6cba0, 0x000002df2dc6f9d8]
Event: 58.380 Thread 0x000002df38cec1f0 15359       4       org.eclipse.jdt.internal.core.search.indexing.AbstractIndexer::addMethodReference (13 bytes)
Event: 58.391 Thread 0x000002df38cec1f0 nmethod 15359 0x000002df2dc70810 code [0x000002df2dc70a40, 0x000002df2dc71560]
Event: 58.392 Thread 0x000002df38cec1f0 15423 % !   4       org.eclipse.jdt.internal.core.search.indexing.BinaryIndexer::indexDocument @ 559 (1168 bytes)
Event: 58.501 Thread 0x000002df0406eb40 15427       3       org.eclipse.jdt.internal.compiler.ast.Annotation::getRetentionPolicy (92 bytes)

GC Heap History (20 events):
Event: 57.818 GC heap after
{Heap after GC invocations=630 (full 3):
 PSYoungGen      total 5632K, used 384K [0x00000000d5580000, 0x00000000d5d00000, 0x0000000100000000)
  eden space 5120K, 0% used [0x00000000d5580000,0x00000000d5580000,0x00000000d5a80000)
  from space 512K, 75% used [0x00000000d5b00000,0x00000000d5b60000,0x00000000d5b80000)
  to   space 1024K, 0% used [0x00000000d5c00000,0x00000000d5c00000,0x00000000d5d00000)
 ParOldGen       total 466944K, used 466588K [0x0000000080000000, 0x000000009c800000, 0x00000000d5580000)
  object space 466944K, 99% used [0x0000000080000000,0x000000009c7a7098,0x000000009c800000)
 Metaspace       used 67488K, committed 69120K, reserved 1114112K
  class space    used 6666K, committed 7424K, reserved 1048576K
}
Event: 57.870 GC heap before
{Heap before GC invocations=631 (full 3):
 PSYoungGen      total 5632K, used 5504K [0x00000000d5580000, 0x00000000d5d00000, 0x0000000100000000)
  eden space 5120K, 100% used [0x00000000d5580000,0x00000000d5a80000,0x00000000d5a80000)
  from space 512K, 75% used [0x00000000d5b00000,0x00000000d5b60000,0x00000000d5b80000)
  to   space 1024K, 0% used [0x00000000d5c00000,0x00000000d5c00000,0x00000000d5d00000)
 ParOldGen       total 466944K, used 466588K [0x0000000080000000, 0x000000009c800000, 0x00000000d5580000)
  object space 466944K, 99% used [0x0000000080000000,0x000000009c7a7098,0x000000009c800000)
 Metaspace       used 67488K, committed 69120K, reserved 1114112K
  class space    used 6666K, committed 7424K, reserved 1048576K
}
Event: 57.873 GC heap after
{Heap after GC invocations=631 (full 3):
 PSYoungGen      total 5632K, used 414K [0x00000000d5580000, 0x00000000d5c80000, 0x0000000100000000)
  eden space 5120K, 0% used [0x00000000d5580000,0x00000000d5580000,0x00000000d5a80000)
  from space 512K, 80% used [0x00000000d5c00000,0x00000000d5c67950,0x00000000d5c80000)
  to   space 512K, 0% used [0x00000000d5b00000,0x00000000d5b00000,0x00000000d5b80000)
 ParOldGen       total 466944K, used 466804K [0x0000000080000000, 0x000000009c800000, 0x00000000d5580000)
  object space 466944K, 99% used [0x0000000080000000,0x000000009c7dd098,0x000000009c800000)
 Metaspace       used 67488K, committed 69120K, reserved 1114112K
  class space    used 6666K, committed 7424K, reserved 1048576K
}
Event: 57.969 GC heap before
{Heap before GC invocations=632 (full 3):
 PSYoungGen      total 5632K, used 5534K [0x00000000d5580000, 0x00000000d5c80000, 0x0000000100000000)
  eden space 5120K, 100% used [0x00000000d5580000,0x00000000d5a80000,0x00000000d5a80000)
  from space 512K, 80% used [0x00000000d5c00000,0x00000000d5c67950,0x00000000d5c80000)
  to   space 512K, 0% used [0x00000000d5b00000,0x00000000d5b00000,0x00000000d5b80000)
 ParOldGen       total 466944K, used 466804K [0x0000000080000000, 0x000000009c800000, 0x00000000d5580000)
  object space 466944K, 99% used [0x0000000080000000,0x000000009c7dd098,0x000000009c800000)
 Metaspace       used 67528K, committed 69248K, reserved 1114112K
  class space    used 6675K, committed 7488K, reserved 1048576K
}
Event: 57.971 GC heap after
{Heap after GC invocations=632 (full 3):
 PSYoungGen      total 5632K, used 492K [0x00000000d5580000, 0x00000000d5c80000, 0x0000000100000000)
  eden space 5120K, 0% used [0x00000000d5580000,0x00000000d5580000,0x00000000d5a80000)
  from space 512K, 96% used [0x00000000d5b00000,0x00000000d5b7b3f0,0x00000000d5b80000)
  to   space 1024K, 0% used [0x00000000d5b80000,0x00000000d5b80000,0x00000000d5c80000)
 ParOldGen       total 467456K, used 467004K [0x0000000080000000, 0x000000009c880000, 0x00000000d5580000)
  object space 467456K, 99% used [0x0000000080000000,0x000000009c80f098,0x000000009c880000)
 Metaspace       used 67528K, committed 69248K, reserved 1114112K
  class space    used 6675K, committed 7488K, reserved 1048576K
}
Event: 57.995 GC heap before
{Heap before GC invocations=633 (full 3):
 PSYoungGen      total 5632K, used 5612K [0x00000000d5580000, 0x00000000d5c80000, 0x0000000100000000)
  eden space 5120K, 100% used [0x00000000d5580000,0x00000000d5a80000,0x00000000d5a80000)
  from space 512K, 96% used [0x00000000d5b00000,0x00000000d5b7b3f0,0x00000000d5b80000)
  to   space 1024K, 0% used [0x00000000d5b80000,0x00000000d5b80000,0x00000000d5c80000)
 ParOldGen       total 467456K, used 467004K [0x0000000080000000, 0x000000009c880000, 0x00000000d5580000)
  object space 467456K, 99% used [0x0000000080000000,0x000000009c80f098,0x000000009c880000)
 Metaspace       used 67556K, committed 69248K, reserved 1114112K
  class space    used 6676K, committed 7488K, reserved 1048576K
}
Event: 57.997 GC heap after
{Heap after GC invocations=633 (full 3):
 PSYoungGen      total 6144K, used 763K [0x00000000d5580000, 0x00000000d5c80000, 0x0000000100000000)
  eden space 5120K, 0% used [0x00000000d5580000,0x00000000d5580000,0x00000000d5a80000)
  from space 1024K, 74% used [0x00000000d5b80000,0x00000000d5c3ec08,0x00000000d5c80000)
  to   space 1024K, 0% used [0x00000000d5a80000,0x00000000d5a80000,0x00000000d5b80000)
 ParOldGen       total 467968K, used 467475K [0x0000000080000000, 0x000000009c900000, 0x00000000d5580000)
  object space 467968K, 99% used [0x0000000080000000,0x000000009c884ff8,0x000000009c900000)
 Metaspace       used 67556K, committed 69248K, reserved 1114112K
  class space    used 6676K, committed 7488K, reserved 1048576K
}
Event: 58.037 GC heap before
{Heap before GC invocations=634 (full 3):
 PSYoungGen      total 6144K, used 5883K [0x00000000d5580000, 0x00000000d5c80000, 0x0000000100000000)
  eden space 5120K, 100% used [0x00000000d5580000,0x00000000d5a80000,0x00000000d5a80000)
  from space 1024K, 74% used [0x00000000d5b80000,0x00000000d5c3ec08,0x00000000d5c80000)
  to   space 1024K, 0% used [0x00000000d5a80000,0x00000000d5a80000,0x00000000d5b80000)
 ParOldGen       total 467968K, used 467475K [0x0000000080000000, 0x000000009c900000, 0x00000000d5580000)
  object space 467968K, 99% used [0x0000000080000000,0x000000009c884ff8,0x000000009c900000)
 Metaspace       used 67580K, committed 69248K, reserved 1114112K
  class space    used 6678K, committed 7488K, reserved 1048576K
}
Event: 58.040 GC heap after
{Heap after GC invocations=634 (full 3):
 PSYoungGen      total 6144K, used 768K [0x00000000d5580000, 0x00000000d5c80000, 0x0000000100000000)
  eden space 5120K, 0% used [0x00000000d5580000,0x00000000d5580000,0x00000000d5a80000)
  from space 1024K, 75% used [0x00000000d5a80000,0x00000000d5b40000,0x00000000d5b80000)
  to   space 1024K, 0% used [0x00000000d5b80000,0x00000000d5b80000,0x00000000d5c80000)
 ParOldGen       total 468480K, used 468127K [0x0000000080000000, 0x000000009c980000, 0x00000000d5580000)
  object space 468480K, 99% used [0x0000000080000000,0x000000009c927c00,0x000000009c980000)
 Metaspace       used 67580K, committed 69248K, reserved 1114112K
  class space    used 6678K, committed 7488K, reserved 1048576K
}
Event: 58.091 GC heap before
{Heap before GC invocations=635 (full 3):
 PSYoungGen      total 6144K, used 5888K [0x00000000d5580000, 0x00000000d5c80000, 0x0000000100000000)
  eden space 5120K, 100% used [0x00000000d5580000,0x00000000d5a80000,0x00000000d5a80000)
  from space 1024K, 75% used [0x00000000d5a80000,0x00000000d5b40000,0x00000000d5b80000)
  to   space 1024K, 0% used [0x00000000d5b80000,0x00000000d5b80000,0x00000000d5c80000)
 ParOldGen       total 468480K, used 468127K [0x0000000080000000, 0x000000009c980000, 0x00000000d5580000)
  object space 468480K, 99% used [0x0000000080000000,0x000000009c927c00,0x000000009c980000)
 Metaspace       used 67580K, committed 69248K, reserved 1114112K
  class space    used 6678K, committed 7488K, reserved 1048576K
}
Event: 58.093 GC heap after
{Heap after GC invocations=635 (full 3):
 PSYoungGen      total 6144K, used 726K [0x00000000d5580000, 0x00000000d5c80000, 0x0000000100000000)
  eden space 5120K, 0% used [0x00000000d5580000,0x00000000d5580000,0x00000000d5a80000)
  from space 1024K, 70% used [0x00000000d5b80000,0x00000000d5c35808,0x00000000d5c80000)
  to   space 1024K, 0% used [0x00000000d5a80000,0x00000000d5a80000,0x00000000d5b80000)
 ParOldGen       total 468992K, used 468727K [0x0000000080000000, 0x000000009ca00000, 0x00000000d5580000)
  object space 468992K, 99% used [0x0000000080000000,0x000000009c9bdc00,0x000000009ca00000)
 Metaspace       used 67580K, committed 69248K, reserved 1114112K
  class space    used 6678K, committed 7488K, reserved 1048576K
}
Event: 58.123 GC heap before
{Heap before GC invocations=636 (full 3):
 PSYoungGen      total 6144K, used 5846K [0x00000000d5580000, 0x00000000d5c80000, 0x0000000100000000)
  eden space 5120K, 100% used [0x00000000d5580000,0x00000000d5a80000,0x00000000d5a80000)
  from space 1024K, 70% used [0x00000000d5b80000,0x00000000d5c35808,0x00000000d5c80000)
  to   space 1024K, 0% used [0x00000000d5a80000,0x00000000d5a80000,0x00000000d5b80000)
 ParOldGen       total 468992K, used 468727K [0x0000000080000000, 0x000000009ca00000, 0x00000000d5580000)
  object space 468992K, 99% used [0x0000000080000000,0x000000009c9bdc00,0x000000009ca00000)
 Metaspace       used 67580K, committed 69248K, reserved 1114112K
  class space    used 6678K, committed 7488K, reserved 1048576K
}
Event: 58.126 GC heap after
{Heap after GC invocations=636 (full 3):
 PSYoungGen      total 6144K, used 690K [0x00000000d5580000, 0x00000000d5c80000, 0x0000000100000000)
  eden space 5120K, 0% used [0x00000000d5580000,0x00000000d5580000,0x00000000d5a80000)
  from space 1024K, 67% used [0x00000000d5a80000,0x00000000d5b2c928,0x00000000d5b80000)
  to   space 1024K, 0% used [0x00000000d5b80000,0x00000000d5b80000,0x00000000d5c80000)
 ParOldGen       total 469504K, used 469365K [0x0000000080000000, 0x000000009ca80000, 0x00000000d5580000)
  object space 469504K, 99% used [0x0000000080000000,0x000000009ca5d408,0x000000009ca80000)
 Metaspace       used 67580K, committed 69248K, reserved 1114112K
  class space    used 6678K, committed 7488K, reserved 1048576K
}
Event: 58.161 GC heap before
{Heap before GC invocations=637 (full 3):
 PSYoungGen      total 6144K, used 5810K [0x00000000d5580000, 0x00000000d5c80000, 0x0000000100000000)
  eden space 5120K, 100% used [0x00000000d5580000,0x00000000d5a80000,0x00000000d5a80000)
  from space 1024K, 67% used [0x00000000d5a80000,0x00000000d5b2c928,0x00000000d5b80000)
  to   space 1024K, 0% used [0x00000000d5b80000,0x00000000d5b80000,0x00000000d5c80000)
 ParOldGen       total 469504K, used 469365K [0x0000000080000000, 0x000000009ca80000, 0x00000000d5580000)
  object space 469504K, 99% used [0x0000000080000000,0x000000009ca5d408,0x000000009ca80000)
 Metaspace       used 67580K, committed 69248K, reserved 1114112K
  class space    used 6678K, committed 7488K, reserved 1048576K
}
Event: 58.164 GC heap after
{Heap after GC invocations=637 (full 3):
 PSYoungGen      total 6144K, used 748K [0x00000000d5580000, 0x00000000d5c80000, 0x0000000100000000)
  eden space 5120K, 0% used [0x00000000d5580000,0x00000000d5580000,0x00000000d5a80000)
  from space 1024K, 73% used [0x00000000d5b80000,0x00000000d5c3b008,0x00000000d5c80000)
  to   space 1024K, 0% used [0x00000000d5a80000,0x00000000d5a80000,0x00000000d5b80000)
 ParOldGen       total 470016K, used 469861K [0x0000000080000000, 0x000000009cb00000, 0x00000000d5580000)
  object space 470016K, 99% used [0x0000000080000000,0x000000009cad9408,0x000000009cb00000)
 Metaspace       used 67580K, committed 69248K, reserved 1114112K
  class space    used 6678K, committed 7488K, reserved 1048576K
}
Event: 58.215 GC heap before
{Heap before GC invocations=638 (full 3):
 PSYoungGen      total 6144K, used 5867K [0x00000000d5580000, 0x00000000d5c80000, 0x0000000100000000)
  eden space 5120K, 99% used [0x00000000d5580000,0x00000000d5a7ffa0,0x00000000d5a80000)
  from space 1024K, 73% used [0x00000000d5b80000,0x00000000d5c3b008,0x00000000d5c80000)
  to   space 1024K, 0% used [0x00000000d5a80000,0x00000000d5a80000,0x00000000d5b80000)
 ParOldGen       total 470016K, used 469861K [0x0000000080000000, 0x000000009cb00000, 0x00000000d5580000)
  object space 470016K, 99% used [0x0000000080000000,0x000000009cad9408,0x000000009cb00000)
 Metaspace       used 67583K, committed 69248K, reserved 1114112K
  class space    used 6678K, committed 7488K, reserved 1048576K
}
Event: 58.218 GC heap after
{Heap after GC invocations=638 (full 3):
 PSYoungGen      total 6144K, used 640K [0x00000000d5580000, 0x00000000d5c80000, 0x0000000100000000)
  eden space 5120K, 0% used [0x00000000d5580000,0x00000000d5580000,0x00000000d5a80000)
  from space 1024K, 62% used [0x00000000d5a80000,0x00000000d5b20000,0x00000000d5b80000)
  to   space 1024K, 0% used [0x00000000d5b80000,0x00000000d5b80000,0x00000000d5c80000)
 ParOldGen       total 470528K, used 470465K [0x0000000080000000, 0x000000009cb80000, 0x00000000d5580000)
  object space 470528K, 99% used [0x0000000080000000,0x000000009cb70410,0x000000009cb80000)
 Metaspace       used 67583K, committed 69248K, reserved 1114112K
  class space    used 6678K, committed 7488K, reserved 1048576K
}
Event: 58.427 GC heap before
{Heap before GC invocations=639 (full 3):
 PSYoungGen      total 6144K, used 5760K [0x00000000d5580000, 0x00000000d5c80000, 0x0000000100000000)
  eden space 5120K, 100% used [0x00000000d5580000,0x00000000d5a80000,0x00000000d5a80000)
  from space 1024K, 62% used [0x00000000d5a80000,0x00000000d5b20000,0x00000000d5b80000)
  to   space 1024K, 0% used [0x00000000d5b80000,0x00000000d5b80000,0x00000000d5c80000)
 ParOldGen       total 470528K, used 470465K [0x0000000080000000, 0x000000009cb80000, 0x00000000d5580000)
  object space 470528K, 99% used [0x0000000080000000,0x000000009cb70410,0x000000009cb80000)
 Metaspace       used 67584K, committed 69248K, reserved 1114112K
  class space    used 6678K, committed 7488K, reserved 1048576K
}
Event: 58.430 GC heap after
{Heap after GC invocations=639 (full 3):
 PSYoungGen      total 6144K, used 608K [0x00000000d5580000, 0x00000000d5c80000, 0x0000000100000000)
  eden space 5120K, 0% used [0x00000000d5580000,0x00000000d5580000,0x00000000d5a80000)
  from space 1024K, 59% used [0x00000000d5b80000,0x00000000d5c18000,0x00000000d5c80000)
  to   space 1024K, 0% used [0x00000000d5a80000,0x00000000d5a80000,0x00000000d5b80000)
 ParOldGen       total 471040K, used 470945K [0x0000000080000000, 0x000000009cc00000, 0x00000000d5580000)
  object space 471040K, 99% used [0x0000000080000000,0x000000009cbe8410,0x000000009cc00000)
 Metaspace       used 67584K, committed 69248K, reserved 1114112K
  class space    used 6678K, committed 7488K, reserved 1048576K
}
Event: 58.509 GC heap before
{Heap before GC invocations=640 (full 3):
 PSYoungGen      total 6144K, used 5728K [0x00000000d5580000, 0x00000000d5c80000, 0x0000000100000000)
  eden space 5120K, 100% used [0x00000000d5580000,0x00000000d5a80000,0x00000000d5a80000)
  from space 1024K, 59% used [0x00000000d5b80000,0x00000000d5c18000,0x00000000d5c80000)
  to   space 1024K, 0% used [0x00000000d5a80000,0x00000000d5a80000,0x00000000d5b80000)
 ParOldGen       total 471040K, used 470945K [0x0000000080000000, 0x000000009cc00000, 0x00000000d5580000)
  object space 471040K, 99% used [0x0000000080000000,0x000000009cbe8410,0x000000009cc00000)
 Metaspace       used 67584K, committed 69248K, reserved 1114112K
  class space    used 6678K, committed 7488K, reserved 1048576K
}

Dll operation events (10 events):
Event: 0.017 Loaded shared library c:\Users\LENOVO\.vscode\extensions\redhat.java-1.43.1-win32-x64\jre\21.0.7-win32-x86_64\bin\java.dll
Event: 0.237 Loaded shared library c:\Users\LENOVO\.vscode\extensions\redhat.java-1.43.1-win32-x64\jre\21.0.7-win32-x86_64\bin\zip.dll
Event: 0.267 Loaded shared library C:\Users\LENOVO\.vscode\extensions\redhat.java-1.43.1-win32-x64\jre\21.0.7-win32-x86_64\bin\instrument.dll
Event: 0.272 Loaded shared library C:\Users\LENOVO\.vscode\extensions\redhat.java-1.43.1-win32-x64\jre\21.0.7-win32-x86_64\bin\net.dll
Event: 0.275 Loaded shared library C:\Users\LENOVO\.vscode\extensions\redhat.java-1.43.1-win32-x64\jre\21.0.7-win32-x86_64\bin\nio.dll
Event: 0.281 Loaded shared library C:\Users\LENOVO\.vscode\extensions\redhat.java-1.43.1-win32-x64\jre\21.0.7-win32-x86_64\bin\zip.dll
Event: 0.343 Loaded shared library C:\Users\LENOVO\.vscode\extensions\redhat.java-1.43.1-win32-x64\jre\21.0.7-win32-x86_64\bin\jimage.dll
Event: 0.500 Loaded shared library c:\Users\LENOVO\.vscode\extensions\redhat.java-1.43.1-win32-x64\jre\21.0.7-win32-x86_64\bin\verify.dll
Event: 2.465 Loaded shared library C:\Users\LENOVO\AppData\Roaming\Code\User\globalStorage\redhat.java\1.43.1\config_win\org.eclipse.equinox.launcher\org.eclipse.equinox.launcher.win32.win32.x86_64_1.2.1300.v20250331-1702\eclipse_11911.dll
Event: 4.823 Loaded shared library C:\Users\LENOVO\AppData\Local\Temp\jna--2053026509\jna10348194103552483861.dll

Deoptimization events (20 events):
Event: 58.025 Thread 0x000002df07f5bda0 DEOPT PACKING pc=0x000002df2d4b11dc sp=0x000000eea20fe380
Event: 58.025 Thread 0x000002df07f5bda0 DEOPT UNPACKING pc=0x000002df2c9f6da2 sp=0x000000eea20fe128 mode 2
Event: 58.025 Thread 0x000002df07f5bda0 Uncommon trap: trap_request=0xffffff45 fr.pc=0x000002df2d23ba68 relative=0x0000000000001268
Event: 58.025 Thread 0x000002df07f5bda0 Uncommon trap: reason=unstable_if action=reinterpret pc=0x000002df2d23ba68 method=org.eclipse.jdt.internal.core.util.Util.splitOn(CLjava/lang/String;II)[Ljava/lang/String; @ 16 c2
Event: 58.025 Thread 0x000002df07f5bda0 DEOPT PACKING pc=0x000002df2d23ba68 sp=0x000000eea20fe4d0
Event: 58.025 Thread 0x000002df07f5bda0 DEOPT UNPACKING pc=0x000002df2c9f6da2 sp=0x000000eea20fe4c0 mode 2
Event: 58.057 Thread 0x000002df052eebb0 DEOPT PACKING pc=0x000002df2784cd1a sp=0x000000eea1bfe9e0
Event: 58.057 Thread 0x000002df052eebb0 DEOPT UNPACKING pc=0x000002df2c9f78e2 sp=0x000000eea1bfdf68 mode 0
Event: 58.097 Thread 0x000002df052eebb0 DEOPT PACKING pc=0x000002df2784cd1a sp=0x000000eea1bfe9e0
Event: 58.097 Thread 0x000002df052eebb0 DEOPT UNPACKING pc=0x000002df2c9f78e2 sp=0x000000eea1bfdf68 mode 0
Event: 58.136 Thread 0x000002df052eebb0 DEOPT PACKING pc=0x000002df2784cd1a sp=0x000000eea1bfe9e0
Event: 58.136 Thread 0x000002df052eebb0 DEOPT UNPACKING pc=0x000002df2c9f78e2 sp=0x000000eea1bfdf68 mode 0
Event: 58.174 Thread 0x000002df052eebb0 DEOPT PACKING pc=0x000002df2784cd1a sp=0x000000eea1bfe9e0
Event: 58.174 Thread 0x000002df052eebb0 DEOPT UNPACKING pc=0x000002df2c9f78e2 sp=0x000000eea1bfdf68 mode 0
Event: 58.228 Thread 0x000002df052eebb0 DEOPT PACKING pc=0x000002df2784cd1a sp=0x000000eea1bfe9e0
Event: 58.228 Thread 0x000002df052eebb0 DEOPT UNPACKING pc=0x000002df2c9f78e2 sp=0x000000eea1bfdf68 mode 0
Event: 58.440 Thread 0x000002df052eebb0 DEOPT PACKING pc=0x000002df2784cd1a sp=0x000000eea1bfe9e0
Event: 58.440 Thread 0x000002df052eebb0 DEOPT UNPACKING pc=0x000002df2c9f78e2 sp=0x000000eea1bfdf68 mode 0
Event: 58.475 Thread 0x000002df052eebb0 DEOPT PACKING pc=0x000002df2784cd1a sp=0x000000eea1bfe9e0
Event: 58.475 Thread 0x000002df052eebb0 DEOPT UNPACKING pc=0x000002df2c9f78e2 sp=0x000000eea1bfdf68 mode 0

Classes loaded (20 events):
Event: 50.133 Loading class java/nio/file/FileTreeWalker$1
Event: 50.134 Loading class java/nio/file/FileTreeWalker$1 done
Event: 50.135 Loading class sun/nio/fs/Globs
Event: 50.136 Loading class sun/nio/fs/Globs done
Event: 50.137 Loading class java/util/regex/Pattern$SliceU
Event: 50.137 Loading class java/util/regex/Pattern$SliceU done
Event: 50.137 Loading class sun/nio/fs/WindowsFileSystem$2
Event: 50.138 Loading class java/nio/file/PathMatcher
Event: 50.138 Loading class java/nio/file/PathMatcher done
Event: 50.138 Loading class sun/nio/fs/WindowsFileSystem$2 done
Event: 50.630 Loading class java/util/Collections$SynchronizedRandomAccessList
Event: 50.631 Loading class java/util/Collections$SynchronizedList
Event: 50.632 Loading class java/util/Collections$SynchronizedList done
Event: 50.632 Loading class java/util/Collections$SynchronizedRandomAccessList done
Event: 50.635 Loading class java/util/concurrent/CompletableFuture$Signaller
Event: 50.636 Loading class java/util/concurrent/CompletableFuture$Signaller done
Event: 52.115 Loading class java/util/Hashtable$KeySet
Event: 52.117 Loading class java/util/Hashtable$KeySet done
Event: 54.968 Loading class java/lang/invoke/MethodHandleImpl$CountingWrapper$1
Event: 54.969 Loading class java/lang/invoke/MethodHandleImpl$CountingWrapper$1 done

Classes unloaded (7 events):
Event: 5.910 Thread 0x000002df38ce3140 Unloading class 0x000002df3a19d000 'java/lang/invoke/LambdaForm$MH+0x000002df3a19d000'
Event: 5.910 Thread 0x000002df38ce3140 Unloading class 0x000002df3a19cc00 'java/lang/invoke/LambdaForm$MH+0x000002df3a19cc00'
Event: 5.910 Thread 0x000002df38ce3140 Unloading class 0x000002df3a19c800 'java/lang/invoke/LambdaForm$MH+0x000002df3a19c800'
Event: 5.910 Thread 0x000002df38ce3140 Unloading class 0x000002df3a19c400 'java/lang/invoke/LambdaForm$MH+0x000002df3a19c400'
Event: 5.910 Thread 0x000002df38ce3140 Unloading class 0x000002df3a19c000 'java/lang/invoke/LambdaForm$BMH+0x000002df3a19c000'
Event: 5.910 Thread 0x000002df38ce3140 Unloading class 0x000002df3a19bc00 'java/lang/invoke/LambdaForm$DMH+0x000002df3a19bc00'
Event: 5.910 Thread 0x000002df38ce3140 Unloading class 0x000002df3a19a800 'java/lang/invoke/LambdaForm$DMH+0x000002df3a19a800'

Classes redefined (0 events):
No events

Internal exceptions (20 events):
Event: 50.684 Thread 0x000002df065a20a0 Exception <a 'sun/nio/fs/WindowsException'{0x00000000d59fe558}> (0x00000000d59fe558) 
thrown [s\src\hotspot\share\prims\jni.cpp, line 520]
Event: 52.187 Thread 0x000002df07f5bda0 Exception <a 'sun/nio/fs/WindowsException'{0x00000000d58f8250}> (0x00000000d58f8250) 
thrown [s\src\hotspot\share\prims\jni.cpp, line 520]
Event: 52.187 Thread 0x000002df07f5bda0 Exception <a 'sun/nio/fs/WindowsException'{0x00000000d58f8880}> (0x00000000d58f8880) 
thrown [s\src\hotspot\share\prims\jni.cpp, line 520]
Event: 52.194 Thread 0x000002df07f5bda0 Exception <a 'sun/nio/fs/WindowsException'{0x00000000d58fca80}> (0x00000000d58fca80) 
thrown [s\src\hotspot\share\prims\jni.cpp, line 520]
Event: 52.195 Thread 0x000002df065a20a0 Exception <a 'java/lang/IncompatibleClassChangeError'{0x00000000d58fe280}: Found class java.lang.Object, but interface was expected> (0x00000000d58fe280) 
thrown [s\src\hotspot\share\interpreter\linkResolver.cpp, line 840]
Event: 52.197 Thread 0x000002df07f5bda0 Exception <a 'sun/nio/fs/WindowsException'{0x00000000d58fd0b0}> (0x00000000d58fd0b0) 
thrown [s\src\hotspot\share\prims\jni.cpp, line 520]
Event: 52.215 Thread 0x000002df07f5bda0 Exception <a 'java/io/FileNotFoundException'{0x00000000d591fda0}> (0x00000000d591fda0) 
thrown [s\src\hotspot\share\prims\jni.cpp, line 520]
Event: 52.219 Thread 0x000002df07f5bda0 Exception <a 'java/io/FileNotFoundException'{0x00000000d5920db0}> (0x00000000d5920db0) 
thrown [s\src\hotspot\share\prims\jni.cpp, line 520]
Event: 52.320 Thread 0x000002df07f5bda0 Exception <a 'sun/nio/fs/WindowsException'{0x00000000d58520e8}> (0x00000000d58520e8) 
thrown [s\src\hotspot\share\prims\jni.cpp, line 520]
Event: 52.320 Thread 0x000002df07f5bda0 Exception <a 'sun/nio/fs/WindowsException'{0x00000000d5852718}> (0x00000000d5852718) 
thrown [s\src\hotspot\share\prims\jni.cpp, line 520]
Event: 54.589 Thread 0x000002df07f5bda0 Exception <a 'sun/nio/fs/WindowsException'{0x00000000d55b1298}> (0x00000000d55b1298) 
thrown [s\src\hotspot\share\prims\jni.cpp, line 520]
Event: 54.590 Thread 0x000002df07f5bda0 Exception <a 'sun/nio/fs/WindowsException'{0x00000000d55b1b78}> (0x00000000d55b1b78) 
thrown [s\src\hotspot\share\prims\jni.cpp, line 520]
Event: 55.656 Thread 0x000002df07f5bda0 Implicit null exception at 0x000002df2dbda328 to 0x000002df2dbdabac
Event: 56.258 Thread 0x000002df07f5bda0 Implicit null exception at 0x000002df2dc1128d to 0x000002df2dc1727c
Event: 56.405 Thread 0x000002df07f5bda0 Implicit null exception at 0x000002df2d23e926 to 0x000002df2d23eef4
Event: 56.410 Thread 0x000002df07f5bda0 Implicit null exception at 0x000002df2dbdf281 to 0x000002df2dbdf83c
Event: 57.078 Thread 0x000002df052eebb0 Exception <a 'sun/nio/fs/WindowsException'{0x00000000d5580a58}> (0x00000000d5580a58) 
thrown [s\src\hotspot\share\prims\jni.cpp, line 520]
Event: 57.119 Thread 0x000002df052eebb0 Exception <a 'sun/nio/fs/WindowsException'{0x00000000d5730f10}> (0x00000000d5730f10) 
thrown [s\src\hotspot\share\prims\jni.cpp, line 520]
Event: 57.144 Thread 0x000002df052eebb0 Exception <a 'sun/nio/fs/WindowsException'{0x00000000d59c1b70}> (0x00000000d59c1b70) 
thrown [s\src\hotspot\share\prims\jni.cpp, line 520]
Event: 57.942 Thread 0x000002df052eebb0 Exception <a 'sun/nio/fs/WindowsException'{0x00000000d59a3f18}> (0x00000000d59a3f18) 
thrown [s\src\hotspot\share\prims\jni.cpp, line 520]

ZGC Phase Switch (0 events):
No events

VM Operations (20 events):
Event: 57.873 Executing VM operation: ParallelGCFailedAllocation (Allocation Failure) done
Event: 57.955 Executing VM operation: ParallelGCFailedAllocation (Allocation Failure)
Event: 57.971 Executing VM operation: ParallelGCFailedAllocation (Allocation Failure) done
Event: 57.983 Executing VM operation: HandshakeAllThreads (Deoptimize)
Event: 57.983 Executing VM operation: HandshakeAllThreads (Deoptimize) done
Event: 57.994 Executing VM operation: ParallelGCFailedAllocation (Allocation Failure)
Event: 57.997 Executing VM operation: ParallelGCFailedAllocation (Allocation Failure) done
Event: 58.037 Executing VM operation: ParallelGCFailedAllocation (Allocation Failure)
Event: 58.040 Executing VM operation: ParallelGCFailedAllocation (Allocation Failure) done
Event: 58.091 Executing VM operation: ParallelGCFailedAllocation (Allocation Failure)
Event: 58.093 Executing VM operation: ParallelGCFailedAllocation (Allocation Failure) done
Event: 58.122 Executing VM operation: ParallelGCFailedAllocation (Allocation Failure)
Event: 58.126 Executing VM operation: ParallelGCFailedAllocation (Allocation Failure) done
Event: 58.161 Executing VM operation: ParallelGCFailedAllocation (Allocation Failure)
Event: 58.164 Executing VM operation: ParallelGCFailedAllocation (Allocation Failure) done
Event: 58.208 Executing VM operation: ParallelGCFailedAllocation (Allocation Failure)
Event: 58.218 Executing VM operation: ParallelGCFailedAllocation (Allocation Failure) done
Event: 58.427 Executing VM operation: ParallelGCFailedAllocation (Allocation Failure)
Event: 58.430 Executing VM operation: ParallelGCFailedAllocation (Allocation Failure) done
Event: 58.501 Executing VM operation: ParallelGCFailedAllocation (Allocation Failure)

Memory protections (0 events):
No events

Nmethod flushes (20 events):
Event: 27.068 Thread 0x000002df38ce3140 flushing  nmethod 0x000002df25d84210
Event: 27.068 Thread 0x000002df38ce3140 flushing  nmethod 0x000002df25d90210
Event: 27.068 Thread 0x000002df38ce3140 flushing  nmethod 0x000002df25d93710
Event: 27.068 Thread 0x000002df38ce3140 flushing  nmethod 0x000002df25d9ee90
Event: 27.068 Thread 0x000002df38ce3140 flushing  nmethod 0x000002df25da1d90
Event: 27.068 Thread 0x000002df38ce3140 flushing  nmethod 0x000002df25da3690
Event: 27.068 Thread 0x000002df38ce3140 flushing  nmethod 0x000002df25da3c90
Event: 27.068 Thread 0x000002df38ce3140 flushing  nmethod 0x000002df25da4510
Event: 27.068 Thread 0x000002df38ce3140 flushing  nmethod 0x000002df25da4c10
Event: 27.068 Thread 0x000002df38ce3140 flushing  nmethod 0x000002df25dabc10
Event: 27.068 Thread 0x000002df38ce3140 flushing  nmethod 0x000002df25dcbf10
Event: 27.068 Thread 0x000002df38ce3140 flushing osr nmethod 0x000002df25e27d90
Event: 27.068 Thread 0x000002df38ce3140 flushing  nmethod 0x000002df25e43510
Event: 27.068 Thread 0x000002df38ce3140 flushing  nmethod 0x000002df25e45010
Event: 27.068 Thread 0x000002df38ce3140 flushing  nmethod 0x000002df25e46910
Event: 27.068 Thread 0x000002df38ce3140 flushing  nmethod 0x000002df25e54a10
Event: 27.068 Thread 0x000002df38ce3140 flushing  nmethod 0x000002df25e55190
Event: 27.068 Thread 0x000002df38ce3140 flushing  nmethod 0x000002df25e55510
Event: 27.068 Thread 0x000002df38ce3140 flushing  nmethod 0x000002df25e55890
Event: 27.068 Thread 0x000002df38ce3140 flushing  nmethod 0x000002df25e56510

Events (20 events):
Event: 48.711 Thread 0x000002df0406eb40 Thread added: 0x000002df066f7770
Event: 48.952 Thread 0x000002df066f7770 Thread exited: 0x000002df066f7770
Event: 49.065 Thread 0x000002df066fa050 Thread exited: 0x000002df066fa050
Event: 49.250 Thread 0x000002df0406eb40 Thread added: 0x000002df06604e70
Event: 49.518 Thread 0x000002df065a3450 Thread added: 0x000002df13b6da80
Event: 49.518 Thread 0x000002df065a3450 Thread added: 0x000002df13b6f4c0
Event: 49.518 Thread 0x000002df065a3450 Thread added: 0x000002df13b6c040
Event: 49.519 Thread 0x000002df065a3450 Thread added: 0x000002df13b6c6d0
Event: 49.522 Thread 0x000002df065a3450 Thread added: 0x000002df13b6e110
Event: 49.587 Thread 0x000002df13b6c040 Thread exited: 0x000002df13b6c040
Event: 49.587 Thread 0x000002df13b6e110 Thread exited: 0x000002df13b6e110
Event: 49.587 Thread 0x000002df13b6f4c0 Thread exited: 0x000002df13b6f4c0
Event: 49.587 Thread 0x000002df13b6da80 Thread exited: 0x000002df13b6da80
Event: 49.587 Thread 0x000002df13b6c6d0 Thread exited: 0x000002df13b6c6d0
Event: 52.117 Thread 0x000002df06604e70 Thread exited: 0x000002df06604e70
Event: 52.532 Thread 0x000002df07f5bda0 Thread added: 0x000002df13b6da80
Event: 55.161 Thread 0x000002df38cec1f0 Thread added: 0x000002df06605540
Event: 57.050 Thread 0x000002df06605540 Thread exited: 0x000002df06605540
Event: 57.542 Thread 0x000002df13b6da80 Thread exited: 0x000002df13b6da80
Event: 57.990 Thread 0x000002df38cec1f0 Thread added: 0x000002df06603a00


Dynamic libraries:
0x00007ff7c2f10000 - 0x00007ff7c2f1e000 	c:\Users\LENOVO\.vscode\extensions\redhat.java-1.43.1-win32-x64\jre\21.0.7-win32-x86_64\bin\java.exe
0x00007ffdd94a0000 - 0x00007ffdd9707000 	C:\WINDOWS\SYSTEM32\ntdll.dll
0x00007ffdd7580000 - 0x00007ffdd7649000 	C:\WINDOWS\System32\KERNEL32.DLL
0x00007ffdd6cf0000 - 0x00007ffdd70e0000 	C:\WINDOWS\System32\KERNELBASE.dll
0x00007ffdd6890000 - 0x00007ffdd69db000 	C:\WINDOWS\System32\ucrtbase.dll
0x00007ffdc3b70000 - 0x00007ffdc3b88000 	c:\Users\LENOVO\.vscode\extensions\redhat.java-1.43.1-win32-x64\jre\21.0.7-win32-x86_64\bin\jli.dll
0x00007ffdd0fd0000 - 0x00007ffdd0fee000 	c:\Users\LENOVO\.vscode\extensions\redhat.java-1.43.1-win32-x64\jre\21.0.7-win32-x86_64\bin\VCRUNTIME140.dll
0x00007ffdd76c0000 - 0x00007ffdd7885000 	C:\WINDOWS\System32\USER32.dll
0x00007ffdd69e0000 - 0x00007ffdd6a07000 	C:\WINDOWS\System32\win32u.dll
0x00007ffdd78c0000 - 0x00007ffdd78eb000 	C:\WINDOWS\System32\GDI32.dll
0x00007ffdbd320000 - 0x00007ffdbd5ba000 	C:\WINDOWS\WinSxS\amd64_microsoft.windows.common-controls_6595b64144ccf1df_6.0.26100.4768_none_3e0c112ce331287c\COMCTL32.dll
0x00007ffdd6750000 - 0x00007ffdd6888000 	C:\WINDOWS\System32\gdi32full.dll
0x00007ffdd9200000 - 0x00007ffdd92a9000 	C:\WINDOWS\System32\msvcrt.dll
0x00007ffdd70f0000 - 0x00007ffdd7193000 	C:\WINDOWS\System32\msvcp_win.dll
0x00007ffdd7530000 - 0x00007ffdd755f000 	C:\WINDOWS\System32\IMM32.DLL
0x00007ffdd0ed0000 - 0x00007ffdd0edc000 	c:\Users\LENOVO\.vscode\extensions\redhat.java-1.43.1-win32-x64\jre\21.0.7-win32-x86_64\bin\vcruntime140_1.dll
0x00007ffd811c0000 - 0x00007ffd8124d000 	c:\Users\LENOVO\.vscode\extensions\redhat.java-1.43.1-win32-x64\jre\21.0.7-win32-x86_64\bin\msvcp140.dll
0x00007ffd097b0000 - 0x00007ffd0a540000 	c:\Users\LENOVO\.vscode\extensions\redhat.java-1.43.1-win32-x64\jre\21.0.7-win32-x86_64\bin\server\jvm.dll
0x00007ffdd8d80000 - 0x00007ffdd8e34000 	C:\WINDOWS\System32\ADVAPI32.dll
0x00007ffdd8ae0000 - 0x00007ffdd8b86000 	C:\WINDOWS\System32\sechost.dll
0x00007ffdd7230000 - 0x00007ffdd7348000 	C:\WINDOWS\System32\RPCRT4.dll
0x00007ffdd8300000 - 0x00007ffdd8374000 	C:\WINDOWS\System32\WS2_32.dll
0x00007ffdd6430000 - 0x00007ffdd648e000 	C:\WINDOWS\SYSTEM32\POWRPROF.dll
0x00007ffdc9e20000 - 0x00007ffdc9e55000 	C:\WINDOWS\SYSTEM32\WINMM.dll
0x00007ffdcf4b0000 - 0x00007ffdcf4bb000 	C:\WINDOWS\SYSTEM32\VERSION.dll
0x00007ffdd6410000 - 0x00007ffdd6424000 	C:\WINDOWS\SYSTEM32\UMPDC.dll
0x00007ffdd5350000 - 0x00007ffdd536b000 	C:\WINDOWS\SYSTEM32\kernel.appcore.dll
0x00007ffdc4020000 - 0x00007ffdc402a000 	c:\Users\LENOVO\.vscode\extensions\redhat.java-1.43.1-win32-x64\jre\21.0.7-win32-x86_64\bin\jimage.dll
0x00007ffdd3280000 - 0x00007ffdd34c1000 	C:\WINDOWS\SYSTEM32\DBGHELP.DLL
0x00007ffdd78f0000 - 0x00007ffdd7c75000 	C:\WINDOWS\System32\combase.dll
0x00007ffdd7350000 - 0x00007ffdd7430000 	C:\WINDOWS\System32\OLEAUT32.dll
0x00007ffdb0d10000 - 0x00007ffdb0d53000 	C:\WINDOWS\SYSTEM32\dbgcore.DLL
0x00007ffdd6c50000 - 0x00007ffdd6ce9000 	C:\WINDOWS\System32\bcryptPrimitives.dll
0x00007ffdc3090000 - 0x00007ffdc309f000 	c:\Users\LENOVO\.vscode\extensions\redhat.java-1.43.1-win32-x64\jre\21.0.7-win32-x86_64\bin\instrument.dll
0x00007ffdbd020000 - 0x00007ffdbd03f000 	c:\Users\LENOVO\.vscode\extensions\redhat.java-1.43.1-win32-x64\jre\21.0.7-win32-x86_64\bin\java.dll
0x00007ffdd8390000 - 0x00007ffdd8add000 	C:\WINDOWS\System32\SHELL32.dll
0x00007ffdd65d0000 - 0x00007ffdd6743000 	C:\WINDOWS\System32\wintypes.dll
0x00007ffdd4190000 - 0x00007ffdd49ef000 	C:\WINDOWS\SYSTEM32\windows.storage.dll
0x00007ffdd8ff0000 - 0x00007ffdd90e5000 	C:\WINDOWS\System32\SHCORE.dll
0x00007ffdd7650000 - 0x00007ffdd76ba000 	C:\WINDOWS\System32\shlwapi.dll
0x00007ffdd64f0000 - 0x00007ffdd6519000 	C:\WINDOWS\SYSTEM32\profapi.dll
0x00007ffdbbc70000 - 0x00007ffdbbc88000 	c:\Users\LENOVO\.vscode\extensions\redhat.java-1.43.1-win32-x64\jre\21.0.7-win32-x86_64\bin\zip.dll
0x00007ffdc3080000 - 0x00007ffdc3090000 	C:\Users\LENOVO\.vscode\extensions\redhat.java-1.43.1-win32-x64\jre\21.0.7-win32-x86_64\bin\net.dll
0x00007ffdcf9f0000 - 0x00007ffdcfb0e000 	C:\WINDOWS\SYSTEM32\WINHTTP.dll
0x00007ffdd58e0000 - 0x00007ffdd594b000 	C:\WINDOWS\system32\mswsock.dll
0x00007ffdba850000 - 0x00007ffdba866000 	C:\Users\LENOVO\.vscode\extensions\redhat.java-1.43.1-win32-x64\jre\21.0.7-win32-x86_64\bin\nio.dll
0x00007ffdc2f20000 - 0x00007ffdc2f30000 	c:\Users\LENOVO\.vscode\extensions\redhat.java-1.43.1-win32-x64\jre\21.0.7-win32-x86_64\bin\verify.dll
0x00007ffda2c40000 - 0x00007ffda2c85000 	C:\Users\LENOVO\AppData\Roaming\Code\User\globalStorage\redhat.java\1.43.1\config_win\org.eclipse.equinox.launcher\org.eclipse.equinox.launcher.win32.win32.x86_64_1.2.1300.v20250331-1702\eclipse_11911.dll
0x00007ffdd8e40000 - 0x00007ffdd8fe0000 	C:\WINDOWS\System32\ole32.dll
0x00007ffdd5ba0000 - 0x00007ffdd5bbb000 	C:\WINDOWS\SYSTEM32\CRYPTSP.dll
0x00007ffdd52b0000 - 0x00007ffdd52eb000 	C:\WINDOWS\system32\rsaenh.dll
0x00007ffdd5980000 - 0x00007ffdd59ab000 	C:\WINDOWS\SYSTEM32\USERENV.dll
0x00007ffdd64c0000 - 0x00007ffdd64e6000 	C:\WINDOWS\SYSTEM32\bcrypt.dll
0x00007ffdd5bc0000 - 0x00007ffdd5bcc000 	C:\WINDOWS\SYSTEM32\CRYPTBASE.dll
0x00007ffdd4df0000 - 0x00007ffdd4e23000 	C:\WINDOWS\SYSTEM32\IPHLPAPI.DLL
0x00007ffdd8380000 - 0x00007ffdd838a000 	C:\WINDOWS\System32\NSI.dll
0x00007ffd81d60000 - 0x00007ffd81da9000 	C:\Users\LENOVO\AppData\Local\Temp\jna--2053026509\jna10348194103552483861.dll
0x00007ffdd7570000 - 0x00007ffdd7578000 	C:\WINDOWS\System32\PSAPI.DLL
0x00007ffdd0560000 - 0x00007ffdd057f000 	C:\WINDOWS\SYSTEM32\dhcpcsvc6.DLL
0x00007ffdd0530000 - 0x00007ffdd0555000 	C:\WINDOWS\SYSTEM32\dhcpcsvc.DLL
0x00007ffdd5480000 - 0x00007ffdd54b6000 	C:\WINDOWS\SYSTEM32\ntmarta.dll

dbghelp: loaded successfully - version: 4.0.5 - missing functions: none
symbol engine: initialized successfully - sym options: 0x614 - pdb path: .;c:\Users\LENOVO\.vscode\extensions\redhat.java-1.43.1-win32-x64\jre\21.0.7-win32-x86_64\bin;C:\WINDOWS\SYSTEM32;C:\WINDOWS\WinSxS\amd64_microsoft.windows.common-controls_6595b64144ccf1df_6.0.26100.4768_none_3e0c112ce331287c;c:\Users\LENOVO\.vscode\extensions\redhat.java-1.43.1-win32-x64\jre\21.0.7-win32-x86_64\bin\server;C:\Users\LENOVO\AppData\Roaming\Code\User\globalStorage\redhat.java\1.43.1\config_win\org.eclipse.equinox.launcher\org.eclipse.equinox.launcher.win32.win32.x86_64_1.2.1300.v20250331-1702;C:\Users\LENOVO\AppData\Local\Temp\jna--2053026509

VM Arguments:
jvm_args: --add-modules=ALL-SYSTEM --add-opens=java.base/java.util=ALL-UNNAMED --add-opens=java.base/java.lang=ALL-UNNAMED --add-opens=java.base/sun.nio.fs=ALL-UNNAMED -Declipse.application=org.eclipse.jdt.ls.core.id1 -Dosgi.bundles.defaultStartLevel=4 -Declipse.product=org.eclipse.jdt.ls.core.product -Djava.import.generatesMetadataFilesAtProjectRoot=false -DDetectVMInstallationsJob.disabled=true -Dfile.encoding=utf8 -XX:+UseParallelGC -XX:GCTimeRatio=4 -XX:AdaptiveSizePolicyWeight=90 -Dsun.zip.disableMemoryMapping=true -Xmx2G -Xms100m -Xlog:disable -javaagent:c:\Users\LENOVO\.vscode\extensions\redhat.java-1.43.1-win32-x64\lombok\lombok-1.18.39-4050.jar -XX:+HeapDumpOnOutOfMemoryError -XX:HeapDumpPath=c:\Users\LENOVO\AppData\Roaming\Code\User\workspaceStorage\23cf22b3fc5e2b9aab88046ae1884689\redhat.java -Daether.dependencyCollector.impl=bf 
java_command: c:\Users\LENOVO\.vscode\extensions\redhat.java-1.43.1-win32-x64\server\plugins\org.eclipse.equinox.launcher_1.7.0.v20250519-0528.jar -configuration c:\Users\LENOVO\AppData\Roaming\Code\User\globalStorage\redhat.java\1.43.1\config_win -data c:\Users\LENOVO\AppData\Roaming\Code\User\workspaceStorage\23cf22b3fc5e2b9aab88046ae1884689\redhat.java\jdt_ws --pipe=\\.\pipe\lsp-e62e886a5487e7fa86ed660b51fb08cf-sock
java_class_path (initial): c:\Users\LENOVO\.vscode\extensions\redhat.java-1.43.1-win32-x64\server\plugins\org.eclipse.equinox.launcher_1.7.0.v20250519-0528.jar
Launcher Type: SUN_STANDARD

[Global flags]
    uintx AdaptiveSizePolicyWeight                 = 90                                        {product} {command line}
     intx CICompilerCount                          = 4                                         {product} {ergonomic}
    uintx GCTimeRatio                              = 4                                         {product} {command line}
     bool HeapDumpOnOutOfMemoryError               = true                                   {manageable} {command line}
    ccstr HeapDumpPath                             = c:\Users\LENOVO\AppData\Roaming\Code\User\workspaceStorage\23cf22b3fc5e2b9aab88046ae1884689\redhat.java         {manageable} {command line}
   size_t InitialHeapSize                          = 104857600                                 {product} {command line}
   size_t MaxHeapSize                              = 2147483648                                {product} {command line}
   size_t MaxNewSize                               = 715653120                                 {product} {ergonomic}
   size_t MinHeapDeltaBytes                        = 524288                                    {product} {ergonomic}
   size_t MinHeapSize                              = 104857600                                 {product} {command line}
   size_t NewSize                                  = 34603008                                  {product} {ergonomic}
    uintx NonNMethodCodeHeapSize                   = 5839372                                {pd product} {ergonomic}
    uintx NonProfiledCodeHeapSize                  = 122909434                              {pd product} {ergonomic}
   size_t OldSize                                  = 70254592                                  {product} {ergonomic}
    uintx ProfiledCodeHeapSize                     = 122909434                              {pd product} {ergonomic}
    uintx ReservedCodeCacheSize                    = 251658240                              {pd product} {ergonomic}
     bool SegmentedCodeCache                       = true                                      {product} {ergonomic}
   size_t SoftMaxHeapSize                          = 2147483648                             {manageable} {ergonomic}
     bool UseCompressedOops                        = true                           {product lp64_product} {ergonomic}
     bool UseLargePagesIndividualAllocation        = false                                  {pd product} {ergonomic}
     bool UseParallelGC                            = true                                      {product} {command line}

Logging:
Log output configuration:
 #0: stdout all=off uptime,level,tags foldmultilines=false
 #1: stderr all=off uptime,level,tags foldmultilines=false

Environment Variables:
JAVA_HOME=C:\Program Files\Java\jdk-21
PATH=C:\Program Files\SqlCmd\;C:\Python312\Scripts\;C:\Python312\;C:\Program Files\Microsoft MPI\Bin\;C:\Program Files\Common Files\Oracle\Java\javapath;C:\Program Files (x86)\Common Files\Oracle\Java\java8path;C:\ProgramData\Oracle\Java\javapath;C:\Program Files\Microsoft\jdk-11.0.16.101-hotspot\bin;F:\FPT Polytechnic\ITI101-Nh?p Môn CNTT\Bài Lab;C:\Windows\system32;C:\Windows;C:\Windows\System32\Wbem;C:\Windows\System32\WindowsPowerShell\v1.0\;C:\Windows\System32\OpenSSH\;C:\Program Files (x86)\NVIDIA Corporation\PhysX\Common;C:\WINDOWS\system32;C:\WINDOWS;C:\WINDOWS\System32\Wbem;C:\WINDOWS\System32\WindowsPowerShell\v1.0\;C:\WINDOWS\System32\OpenSSH\;C:\Program Files\Microsoft SQL Server\150\Tools\Binn\;C:\Program Files\Java\jdk-17\bin;C:\Program Files (x86)\Microsoft SQL Server\160\DTS\Binn\;C:\Program Files (x86)\Microsoft SQL Server\160\Tools\Binn\;C:\Program Files\Microsoft SQL Server\160\Tools\Binn\;C:\Program Files\Microsoft SQL Server\Client SDK\ODBC\170\Tools\Binn\;C:\Program Files\Microsoft SQL Server\160\DTS\Binn\;D:\Git\cmd;C:\Program Files\Java\jdk-21\bin;C:\maven\apache-maven-3.9.8\bin;C:\ProgramData\chocolatey\bin;C:\Program Files\Docker\Docker\resources\bin;C:\Program Files\Cloudflare\Cloudflare WARP\;C:\Tools\sqlpackage;;C:\Program Files\NVIDIA Corporation\NVIDIA App\NvDLISR;C:\Program Files\nodejs\;C:\Program Files\MySQL\MySQL Shell 8.0\bin\;C:\Users\LENOVO\AppData\Local\Microsoft\WindowsApps;D:\Microsoft VS Code\bin;C:\Program Files\Azure Data Studio\bin;C:\Users\LENOVO\AppData\Local\GitHubDesktop\bin;C:\Tools\sqlpackage;C:\Users\LENOVO\AppData\Roaming\npm
USERNAME=LENOVO
OS=Windows_NT
PROCESSOR_IDENTIFIER=Intel64 Family 6 Model 140 Stepping 2, GenuineIntel
TMP=C:\Users\LENOVO\AppData\Local\Temp
TEMP=C:\Users\LENOVO\AppData\Local\Temp




Periodic native trim disabled

---------------  S Y S T E M  ---------------

OS:
 Windows 11 , 64 bit Build 26100 (10.0.26100.4768)
OS uptime: 0 days 2:15 hours
Hyper-V role detected

CPU: total 8 (initial active 8) (4 cores per cpu, 2 threads per core) family 6 model 140 stepping 2 microcode 0x26, cx8, cmov, fxsr, ht, mmx, 3dnowpref, sse, sse2, sse3, ssse3, sse4.1, sse4.2, popcnt, lzcnt, tsc, tscinvbit, avx, avx2, aes, erms, clmul, bmi1, bmi2, adx, avx512f, avx512dq, avx512cd, avx512bw, avx512vl, sha, fma, vzeroupper, avx512_vpopcntdq, avx512_vpclmulqdq, avx512_vaes, avx512_vnni, clflush, clflushopt, clwb, avx512_vbmi2, avx512_vbmi, hv, rdtscp, rdpid, fsrm, gfni, avx512_bitalg, f16c, cet_ibt, cet_ss, avx512_ifma
Processor Information for the first 8 processors :
  Max Mhz: 3187, Current Mhz: 3187, Mhz Limit: 3187

Memory: 4k page, system-wide physical 7975M (560M free)
TotalPageFile size 20263M (AvailPageFile size 5M)
current process WorkingSet (physical memory assigned to process): 541M, peak: 645M
current process commit charge ("private bytes"): 808M, peak: 809M

vm_info: OpenJDK 64-Bit Server VM (21.0.7+6-LTS) for windows-amd64 JRE (21.0.7+6-LTS), built on 2025-04-15T00:00:00Z by "admin" with MS VC++ 17.7 (VS2022)

END.
